Archive member included to satisfy reference by file (symbol)

/home/wayne/download/gcc-arm-none-eabi/gcc-arm-none-eabi-10-2020-q4-major/bin/../lib/gcc/arm-none-eabi/10.2.1/../../../../arm-none-eabi/lib/thumb/v7e-m+dp/hard/libc_nano.a(lib_a-exit.o)
                              /home/wayne/download/gcc-arm-none-eabi/gcc-arm-none-eabi-10-2020-q4-major/bin/../lib/gcc/arm-none-eabi/10.2.1/../../../../arm-none-eabi/lib/thumb/v7e-m+dp/hard/crt0.o (exit)
/home/wayne/download/gcc-arm-none-eabi/gcc-arm-none-eabi-10-2020-q4-major/bin/../lib/gcc/arm-none-eabi/10.2.1/../../../../arm-none-eabi/lib/thumb/v7e-m+dp/hard/libc_nano.a(lib_a-impure.o)
                              /home/wayne/download/gcc-arm-none-eabi/gcc-arm-none-eabi-10-2020-q4-major/bin/../lib/gcc/arm-none-eabi/10.2.1/../../../../arm-none-eabi/lib/thumb/v7e-m+dp/hard/libc_nano.a(lib_a-exit.o) (_global_impure_ptr)
/home/wayne/download/gcc-arm-none-eabi/gcc-arm-none-eabi-10-2020-q4-major/bin/../lib/gcc/arm-none-eabi/10.2.1/../../../../arm-none-eabi/lib/thumb/v7e-m+dp/hard/libc_nano.a(lib_a-init.o)
                              /home/wayne/download/gcc-arm-none-eabi/gcc-arm-none-eabi-10-2020-q4-major/bin/../lib/gcc/arm-none-eabi/10.2.1/../../../../arm-none-eabi/lib/thumb/v7e-m+dp/hard/crt0.o (__libc_init_array)
/home/wayne/download/gcc-arm-none-eabi/gcc-arm-none-eabi-10-2020-q4-major/bin/../lib/gcc/arm-none-eabi/10.2.1/../../../../arm-none-eabi/lib/thumb/v7e-m+dp/hard/libc_nano.a(lib_a-memset.o)
                              /home/wayne/download/gcc-arm-none-eabi/gcc-arm-none-eabi-10-2020-q4-major/bin/../lib/gcc/arm-none-eabi/10.2.1/../../../../arm-none-eabi/lib/thumb/v7e-m+dp/hard/crt0.o (memset)
/home/wayne/download/gcc-arm-none-eabi/gcc-arm-none-eabi-10-2020-q4-major/bin/../lib/gcc/arm-none-eabi/10.2.1/../../../../arm-none-eabi/lib/thumb/v7e-m+dp/hard/libnosys.a(_exit.o)
                              /home/wayne/download/gcc-arm-none-eabi/gcc-arm-none-eabi-10-2020-q4-major/bin/../lib/gcc/arm-none-eabi/10.2.1/../../../../arm-none-eabi/lib/thumb/v7e-m+dp/hard/libc_nano.a(lib_a-exit.o) (_exit)
/home/wayne/download/gcc-arm-none-eabi/gcc-arm-none-eabi-10-2020-q4-major/bin/../lib/gcc/arm-none-eabi/10.2.1/thumb/v7e-m+dp/hard/libgcc.a(_aeabi_uldivmod.o)
                              build/stm32f7xx_hal_rcc.o (__aeabi_uldivmod)
/home/wayne/download/gcc-arm-none-eabi/gcc-arm-none-eabi-10-2020-q4-major/bin/../lib/gcc/arm-none-eabi/10.2.1/thumb/v7e-m+dp/hard/libgcc.a(_udivmoddi4.o)
                              /home/wayne/download/gcc-arm-none-eabi/gcc-arm-none-eabi-10-2020-q4-major/bin/../lib/gcc/arm-none-eabi/10.2.1/thumb/v7e-m+dp/hard/libgcc.a(_aeabi_uldivmod.o) (__udivmoddi4)
/home/wayne/download/gcc-arm-none-eabi/gcc-arm-none-eabi-10-2020-q4-major/bin/../lib/gcc/arm-none-eabi/10.2.1/thumb/v7e-m+dp/hard/libgcc.a(_dvmd_tls.o)
                              /home/wayne/download/gcc-arm-none-eabi/gcc-arm-none-eabi-10-2020-q4-major/bin/../lib/gcc/arm-none-eabi/10.2.1/thumb/v7e-m+dp/hard/libgcc.a(_aeabi_uldivmod.o) (__aeabi_ldiv0)

Discarded input sections

 .text          0x0000000000000000        0x0 /home/wayne/download/gcc-arm-none-eabi/gcc-arm-none-eabi-10-2020-q4-major/bin/../lib/gcc/arm-none-eabi/10.2.1/thumb/v7e-m+dp/hard/crti.o
 .data          0x0000000000000000        0x0 /home/wayne/download/gcc-arm-none-eabi/gcc-arm-none-eabi-10-2020-q4-major/bin/../lib/gcc/arm-none-eabi/10.2.1/thumb/v7e-m+dp/hard/crti.o
 .bss           0x0000000000000000        0x0 /home/wayne/download/gcc-arm-none-eabi/gcc-arm-none-eabi-10-2020-q4-major/bin/../lib/gcc/arm-none-eabi/10.2.1/thumb/v7e-m+dp/hard/crti.o
 .data          0x0000000000000000        0x4 /home/wayne/download/gcc-arm-none-eabi/gcc-arm-none-eabi-10-2020-q4-major/bin/../lib/gcc/arm-none-eabi/10.2.1/thumb/v7e-m+dp/hard/crtbegin.o
 .rodata        0x0000000000000000       0x24 /home/wayne/download/gcc-arm-none-eabi/gcc-arm-none-eabi-10-2020-q4-major/bin/../lib/gcc/arm-none-eabi/10.2.1/thumb/v7e-m+dp/hard/crtbegin.o
 .text          0x0000000000000000       0x7c /home/wayne/download/gcc-arm-none-eabi/gcc-arm-none-eabi-10-2020-q4-major/bin/../lib/gcc/arm-none-eabi/10.2.1/../../../../arm-none-eabi/lib/thumb/v7e-m+dp/hard/crt0.o
 .data          0x0000000000000000        0x0 /home/wayne/download/gcc-arm-none-eabi/gcc-arm-none-eabi-10-2020-q4-major/bin/../lib/gcc/arm-none-eabi/10.2.1/../../../../arm-none-eabi/lib/thumb/v7e-m+dp/hard/crt0.o
 .bss           0x0000000000000000        0x0 /home/wayne/download/gcc-arm-none-eabi/gcc-arm-none-eabi-10-2020-q4-major/bin/../lib/gcc/arm-none-eabi/10.2.1/../../../../arm-none-eabi/lib/thumb/v7e-m+dp/hard/crt0.o
 .ARM.extab     0x0000000000000000        0x0 /home/wayne/download/gcc-arm-none-eabi/gcc-arm-none-eabi-10-2020-q4-major/bin/../lib/gcc/arm-none-eabi/10.2.1/../../../../arm-none-eabi/lib/thumb/v7e-m+dp/hard/crt0.o
[...]
Memory Configuration

Name             Origin             Length             Attributes
RAM              0x0000000020000000 0x0000000000080000 xrw
FLASH            0x0000000008000000 0x0000000000200000 xr
*default*        0x0000000000000000 0xffffffffffffffff

Linker script and memory map

LOAD /home/wayne/download/gcc-arm-none-eabi/gcc-arm-none-eabi-10-2020-q4-major/bin/../lib/gcc/arm-none-eabi/10.2.1/thumb/v7e-m+dp/hard/crti.o
LOAD /home/wayne/download/gcc-arm-none-eabi/gcc-arm-none-eabi-10-2020-q4-major/bin/../lib/gcc/arm-none-eabi/10.2.1/thumb/v7e-m+dp/hard/crtbegin.o
LOAD /home/wayne/download/gcc-arm-none-eabi/gcc-arm-none-eabi-10-2020-q4-major/bin/../lib/gcc/arm-none-eabi/10.2.1/../../../../arm-none-eabi/lib/thumb/v7e-m+dp/hard/crt0.o
LOAD build/main.o
LOAD build/stm32f7xx_it.o
LOAD build/stm32f7xx_hal_msp.o
LOAD build/stm32f7xx_hal_cortex.o
LOAD build/stm32f7xx_hal_tim.o
LOAD build/stm32f7xx_hal_tim_ex.o
LOAD build/stm32f7xx_hal_uart.o
LOAD build/stm32f7xx_hal_uart_ex.o
LOAD build/stm32f7xx_hal_rcc.o
LOAD build/stm32f7xx_hal_rcc_ex.o
LOAD build/stm32f7xx_hal_flash.o
LOAD build/stm32f7xx_hal_flash_ex.o
LOAD build/stm32f7xx_hal_gpio.o
LOAD build/stm32f7xx_hal_dma.o
LOAD build/stm32f7xx_hal_dma_ex.o
LOAD build/stm32f7xx_hal_pwr.o
LOAD build/stm32f7xx_hal_pwr_ex.o
LOAD build/stm32f7xx_hal.o
LOAD build/stm32f7xx_hal_i2c.o
LOAD build/stm32f7xx_hal_i2c_ex.o
LOAD build/stm32f7xx_hal_exti.o
LOAD build/stm32f7xx_hal_pcd.o
LOAD build/stm32f7xx_hal_pcd_ex.o
LOAD build/stm32f7xx_ll_usb.o
LOAD build/system_stm32f7xx.o
LOAD build/startup_stm32f767xx.o
LOAD /home/wayne/download/gcc-arm-none-eabi/gcc-arm-none-eabi-10-2020-q4-major/bin/../lib/gcc/arm-none-eabi/10.2.1/../../../../arm-none-eabi/lib/thumb/v7e-m+dp/hard/libc_nano.a
LOAD /home/wayne/download/gcc-arm-none-eabi/gcc-arm-none-eabi-10-2020-q4-major/bin/../lib/gcc/arm-none-eabi/10.2.1/../../../../arm-none-eabi/lib/thumb/v7e-m+dp/hard/libm.a
LOAD /home/wayne/download/gcc-arm-none-eabi/gcc-arm-none-eabi-10-2020-q4-major/bin/../lib/gcc/arm-none-eabi/10.2.1/../../../../arm-none-eabi/lib/thumb/v7e-m+dp/hard/libnosys.a
START GROUP
LOAD /home/wayne/download/gcc-arm-none-eabi/gcc-arm-none-eabi-10-2020-q4-major/bin/../lib/gcc/arm-none-eabi/10.2.1/thumb/v7e-m+dp/hard/libgcc.a
LOAD /home/wayne/download/gcc-arm-none-eabi/gcc-arm-none-eabi-10-2020-q4-major/bin/../lib/gcc/arm-none-eabi/10.2.1/../../../../arm-none-eabi/lib/thumb/v7e-m+dp/hard/libc_nano.a
END GROUP
START GROUP
LOAD /home/wayne/download/gcc-arm-none-eabi/gcc-arm-none-eabi-10-2020-q4-major/bin/../lib/gcc/arm-none-eabi/10.2.1/thumb/v7e-m+dp/hard/libgcc.a
LOAD /home/wayne/download/gcc-arm-none-eabi/gcc-arm-none-eabi-10-2020-q4-major/bin/../lib/gcc/arm-none-eabi/10.2.1/../../../../arm-none-eabi/lib/thumb/v7e-m+dp/hard/libc_nano.a
END GROUP
LOAD /home/wayne/download/gcc-arm-none-eabi/gcc-arm-none-eabi-10-2020-q4-major/bin/../lib/gcc/arm-none-eabi/10.2.1/thumb/v7e-m+dp/hard/crtend.o
LOAD /home/wayne/download/gcc-arm-none-eabi/gcc-arm-none-eabi-10-2020-q4-major/bin/../lib/gcc/arm-none-eabi/10.2.1/thumb/v7e-m+dp/hard/crtn.o
                0x0000000020080000                _estack = 0x20080000
                0x0000000000000200                _Min_Heap_Size = 0x200
                0x0000000000000400                _Min_Stack_Size = 0x400

.isr_vector     0x0000000008000000      0x1f8
                0x0000000008000000                . = ALIGN (0x4)
 *(.isr_vector)
 .isr_vector    0x0000000008000000      0x1f8 build/startup_stm32f767xx.o
                0x0000000008000000                g_pfnVectors
                0x00000000080001f8                . = ALIGN (0x4)

.text           0x00000000080001f8     0x247c
                0x00000000080001f8                . = ALIGN (0x4)
 *(.text)
 .text          0x00000000080001f8       0x40 /home/wayne/download/gcc-arm-none-eabi/gcc-arm-none-eabi-10-2020-q4-major/bin/../lib/gcc/arm-none-eabi/10.2.1/thumb/v7e-m+dp/hard/crtbegin.o
 .text          0x0000000008000238       0x30 /home/wayne/download/gcc-arm-none-eabi/gcc-arm-none-eabi-10-2020-q4-major/bin/../lib/gcc/arm-none-eabi/10.2.1/thumb/v7e-m+dp/hard/libgcc.a(_aeabi_uldivmod.o)
                0x0000000008000238                __aeabi_uldivmod
 .text          0x0000000008000268      0x2d0 /home/wayne/download/gcc-arm-none-eabi/gcc-arm-none-eabi-10-2020-q4-major/bin/../lib/gcc/arm-none-eabi/10.2.1/thumb/v7e-m+dp/hard/libgcc.a(_udivmoddi4.o)
                0x0000000008000268                __udivmoddi4
 .text          0x0000000008000538        0x4 /home/wayne/download/gcc-arm-none-eabi/gcc-arm-none-eabi-10-2020-q4-major/bin/../lib/gcc/arm-none-eabi/10.2.1/thumb/v7e-m+dp/hard/libgcc.a(_dvmd_tls.o)
                0x0000000008000538                __aeabi_ldiv0
                0x0000000008000538                __aeabi_idiv0
 *(.text*)
 .text.MX_GPIO_Init
                0x000000000800053c      0x174 build/main.o
 .text.Error_Handler
                0x00000000080006b0        0x4 build/main.o
                0x00000000080006b0                Error_Handler
 .text.MX_USART3_UART_Init
                0x00000000080006b4       0x38 build/main.o
 .text.MX_USB_OTG_FS_PCD_Init
                0x00000000080006ec       0x34 build/main.o
 .text.SystemClock_Config
                0x0000000008000720       0xd4 build/main.o
                0x0000000008000720                SystemClock_Config
 .text.main     0x00000000080007f4       0x64 build/main.o
                0x00000000080007f4                main
 .text.NMI_Handler
                0x0000000008000858        0x2 build/stm32f7xx_it.o
                0x0000000008000858                NMI_Handler
 .text.HardFault_Handler
                0x000000000800085a        0x2 build/stm32f7xx_it.o
                0x000000000800085a                HardFault_Handler
 .text.MemManage_Handler
                0x000000000800085c        0x2 build/stm32f7xx_it.o
                0x000000000800085c                MemManage_Handler
 .text.BusFault_Handler
                0x000000000800085e        0x2 build/stm32f7xx_it.o
                0x000000000800085e                BusFault_Handler
 .text.UsageFault_Handler
                0x0000000008000860        0x2 build/stm32f7xx_it.o
                0x0000000008000860                UsageFault_Handler
 .text.SVC_Handler
                0x0000000008000862        0x2 build/stm32f7xx_it.o
                0x0000000008000862                SVC_Handler
 .text.DebugMon_Handler
                0x0000000008000864        0x2 build/stm32f7xx_it.o
                0x0000000008000864                DebugMon_Handler
 .text.PendSV_Handler
                0x0000000008000866        0x2 build/stm32f7xx_it.o
                0x0000000008000866                PendSV_Handler
 .text.SysTick_Handler
                0x0000000008000868        0x8 build/stm32f7xx_it.o
                0x0000000008000868                SysTick_Handler
 .text.HAL_MspInit
                0x0000000008000870       0x30 build/stm32f7xx_hal_msp.o
                0x0000000008000870                HAL_MspInit
 .text.HAL_UART_MspInit
                0x00000000080008a0       0x6c build/stm32f7xx_hal_msp.o
                0x00000000080008a0                HAL_UART_MspInit
 .text.HAL_PCD_MspInit
                0x000000000800090c       0x90 build/stm32f7xx_hal_msp.o
                0x000000000800090c                HAL_PCD_MspInit
 .text.HAL_NVIC_SetPriorityGrouping
                0x000000000800099c       0x24 build/stm32f7xx_hal_cortex.o
                0x000000000800099c                HAL_NVIC_SetPriorityGrouping
 .text.HAL_NVIC_SetPriority
                0x00000000080009c0       0x6c build/stm32f7xx_hal_cortex.o
                0x00000000080009c0                HAL_NVIC_SetPriority
 .text.HAL_SYSTICK_Config
                0x0000000008000a2c       0x28 build/stm32f7xx_hal_cortex.o
                0x0000000008000a2c                HAL_SYSTICK_Config
 .text.UART_SetConfig
                0x0000000008000a54      0x3a0 build/stm32f7xx_hal_uart.o
                0x0000000008000a54                UART_SetConfig
 .text.UART_AdvFeatureConfig
                0x0000000008000df4       0xca build/stm32f7xx_hal_uart.o
                0x0000000008000df4                UART_AdvFeatureConfig
 .text.UART_WaitOnFlagUntilTimeout
                0x0000000008000ebe       0xa6 build/stm32f7xx_hal_uart.o
                0x0000000008000ebe                UART_WaitOnFlagUntilTimeout
 .text.HAL_UART_Transmit
                0x0000000008000f64       0xd2 build/stm32f7xx_hal_uart.o
                0x0000000008000f64                HAL_UART_Transmit
 .text.UART_CheckIdleState
                0x0000000008001036       0x6c build/stm32f7xx_hal_uart.o
                0x0000000008001036                UART_CheckIdleState
 .text.HAL_UART_Init
                0x00000000080010a2       0x62 build/stm32f7xx_hal_uart.o
                0x00000000080010a2                HAL_UART_Init
 .text.HAL_RCC_OscConfig
                0x0000000008001104      0x444 build/stm32f7xx_hal_rcc.o
                0x0000000008001104                HAL_RCC_OscConfig
 .text.HAL_RCC_GetSysClockFreq
                0x0000000008001548       0xd4 build/stm32f7xx_hal_rcc.o
                0x0000000008001548                HAL_RCC_GetSysClockFreq
 .text.HAL_RCC_ClockConfig
                0x000000000800161c      0x16c build/stm32f7xx_hal_rcc.o
                0x000000000800161c                HAL_RCC_ClockConfig
 .text.HAL_RCC_GetHCLKFreq
                0x0000000008001788        0xc build/stm32f7xx_hal_rcc.o
                0x0000000008001788                HAL_RCC_GetHCLKFreq
 .text.HAL_RCC_GetPCLK1Freq
                0x0000000008001794       0x20 build/stm32f7xx_hal_rcc.o
                0x0000000008001794                HAL_RCC_GetPCLK1Freq
 .text.HAL_RCC_GetPCLK2Freq
                0x00000000080017b4       0x20 build/stm32f7xx_hal_rcc.o
                0x00000000080017b4                HAL_RCC_GetPCLK2Freq
 .text.HAL_RCCEx_PeriphCLKConfig
                0x00000000080017d4      0x604 build/stm32f7xx_hal_rcc_ex.o
                0x00000000080017d4                HAL_RCCEx_PeriphCLKConfig
 .text.HAL_GPIO_Init
                0x0000000008001dd8      0x1e4 build/stm32f7xx_hal_gpio.o
                0x0000000008001dd8                HAL_GPIO_Init
 .text.HAL_GPIO_ReadPin
                0x0000000008001fbc        0xe build/stm32f7xx_hal_gpio.o
                0x0000000008001fbc                HAL_GPIO_ReadPin
 .text.HAL_GPIO_WritePin
                0x0000000008001fca        0xc build/stm32f7xx_hal_gpio.o
                0x0000000008001fca                HAL_GPIO_WritePin
 .text.HAL_GPIO_TogglePin
                0x0000000008001fd6       0x10 build/stm32f7xx_hal_gpio.o
                0x0000000008001fd6                HAL_GPIO_TogglePin
 *fill*         0x0000000008001fe6        0x2 
 .text.HAL_PWR_EnableBkUpAccess
                0x0000000008001fe8       0x10 build/stm32f7xx_hal_pwr.o
                0x0000000008001fe8                HAL_PWR_EnableBkUpAccess
 .text.HAL_PWREx_EnableOverDrive
                0x0000000008001ff8       0x7c build/stm32f7xx_hal_pwr_ex.o
                0x0000000008001ff8                HAL_PWREx_EnableOverDrive
 .text.HAL_InitTick
                0x0000000008002074       0x4c build/stm32f7xx_hal.o
                0x0000000008002074                HAL_InitTick
 .text.HAL_Init
                0x00000000080020c0       0x16 build/stm32f7xx_hal.o
                0x00000000080020c0                HAL_Init
 *fill*         0x00000000080020d6        0x2 
 .text.HAL_IncTick
                0x00000000080020d8       0x18 build/stm32f7xx_hal.o
                0x00000000080020d8                HAL_IncTick
 .text.HAL_GetTick
                0x00000000080020f0        0xc build/stm32f7xx_hal.o
                0x00000000080020f0                HAL_GetTick
 .text.HAL_Delay
                0x00000000080020fc       0x28 build/stm32f7xx_hal.o
                0x00000000080020fc                HAL_Delay
 .text.HAL_PCD_Init
                0x0000000008002124      0x13c build/stm32f7xx_hal_pcd.o
                0x0000000008002124                HAL_PCD_Init
 .text.HAL_PCDEx_ActivateLPM
                0x0000000008002260       0x28 build/stm32f7xx_hal_pcd_ex.o
                0x0000000008002260                HAL_PCDEx_ActivateLPM
 .text.USB_CoreReset
                0x0000000008002288       0x3c build/stm32f7xx_ll_usb.o
 .text.USB_CoreInit
                0x00000000080022c4       0x7c build/stm32f7xx_ll_usb.o
                0x00000000080022c4                USB_CoreInit
 .text.USB_DisableGlobalInt
                0x0000000008002340        0xc build/stm32f7xx_ll_usb.o
                0x0000000008002340                USB_DisableGlobalInt
 .text.USB_SetCurrentMode
                0x000000000800234c       0x30 build/stm32f7xx_ll_usb.o
                0x000000000800234c                USB_SetCurrentMode
 .text.USB_FlushTxFifo
                0x000000000800237c       0x28 build/stm32f7xx_ll_usb.o
                0x000000000800237c                USB_FlushTxFifo
 .text.USB_FlushRxFifo
                0x00000000080023a4       0x24 build/stm32f7xx_ll_usb.o
                0x00000000080023a4                USB_FlushRxFifo
 .text.USB_SetDevSpeed
                0x00000000080023c8        0xe build/stm32f7xx_ll_usb.o
                0x00000000080023c8                USB_SetDevSpeed
 *fill*         0x00000000080023d6        0x2 
 .text.USB_DevInit
                0x00000000080023d8      0x1a4 build/stm32f7xx_ll_usb.o
                0x00000000080023d8                USB_DevInit
 .text.USB_DevDisconnect
                0x000000000800257c       0x18 build/stm32f7xx_ll_usb.o
                0x000000000800257c                USB_DevDisconnect
 .text.SystemInit
                0x0000000008002594       0x1c build/system_stm32f7xx.o
                0x0000000008002594                SystemInit
 .text.Reset_Handler
                0x00000000080025b0       0x50 build/startup_stm32f767xx.o
                0x00000000080025b0                Reset_Handler
 .text.Default_Handler
                0x0000000008002600        0x2 build/startup_stm32f767xx.o
                0x0000000008002600                RTC_Alarm_IRQHandler
                0x0000000008002600                EXTI2_IRQHandler
                0x0000000008002600                TIM8_CC_IRQHandler
                0x0000000008002600                UART8_IRQHandler
                0x0000000008002600                SPI4_IRQHandler
                0x0000000008002600                TIM1_CC_IRQHandler
                0x0000000008002600                DMA2_Stream5_IRQHandler
                0x0000000008002600                JPEG_IRQHandler
                0x0000000008002600                DMA1_Stream5_IRQHandler
                0x0000000008002600                CAN3_RX1_IRQHandler
                0x0000000008002600                PVD_IRQHandler
                0x0000000008002600                TAMP_STAMP_IRQHandler
                0x0000000008002600                CAN2_RX1_IRQHandler
                0x0000000008002600                EXTI3_IRQHandler
                0x0000000008002600                TIM8_TRG_COM_TIM14_IRQHandler
                0x0000000008002600                DFSDM1_FLT1_IRQHandler
                0x0000000008002600                TIM1_UP_TIM10_IRQHandler
                0x0000000008002600                TIM8_UP_TIM13_IRQHandler
                0x0000000008002600                I2C3_ER_IRQHandler
                0x0000000008002600                DFSDM1_FLT2_IRQHandler
                0x0000000008002600                EXTI0_IRQHandler
                0x0000000008002600                I2C2_EV_IRQHandler
                0x0000000008002600                DMA1_Stream2_IRQHandler
                0x0000000008002600                CAN1_RX0_IRQHandler
                0x0000000008002600                FPU_IRQHandler
                0x0000000008002600                OTG_HS_WKUP_IRQHandler
                0x0000000008002600                CAN3_SCE_IRQHandler
                0x0000000008002600                LTDC_ER_IRQHandler
                0x0000000008002600                CAN2_SCE_IRQHandler
                0x0000000008002600                DMA2_Stream2_IRQHandler
                0x0000000008002600                SPI1_IRQHandler
                0x0000000008002600                TIM6_DAC_IRQHandler
                0x0000000008002600                TIM1_BRK_TIM9_IRQHandler
                0x0000000008002600                DCMI_IRQHandler
                0x0000000008002600                CAN2_RX0_IRQHandler
                0x0000000008002600                DMA2_Stream3_IRQHandler
                0x0000000008002600                SAI2_IRQHandler
                0x0000000008002600                DFSDM1_FLT3_IRQHandler
                0x0000000008002600                USART6_IRQHandler
                0x0000000008002600                CAN3_RX0_IRQHandler
                0x0000000008002600                USART3_IRQHandler
                0x0000000008002600                CAN1_RX1_IRQHandler
                0x0000000008002600                UART5_IRQHandler
                0x0000000008002600                DMA2_Stream0_IRQHandler
                0x0000000008002600                TIM4_IRQHandler
                0x0000000008002600                QUADSPI_IRQHandler
                0x0000000008002600                I2C1_EV_IRQHandler
                0x0000000008002600                DMA1_Stream6_IRQHandler
                0x0000000008002600                DMA1_Stream1_IRQHandler
                0x0000000008002600                UART4_IRQHandler
                0x0000000008002600                TIM3_IRQHandler
                0x0000000008002600                RCC_IRQHandler
                0x0000000008002600                TIM8_BRK_TIM12_IRQHandler
                0x0000000008002600                Default_Handler
                0x0000000008002600                CEC_IRQHandler
                0x0000000008002600                EXTI15_10_IRQHandler
                0x0000000008002600                ADC_IRQHandler
                0x0000000008002600                DMA1_Stream7_IRQHandler
                0x0000000008002600                SPI5_IRQHandler
                0x0000000008002600                TIM7_IRQHandler
                0x0000000008002600                SDMMC1_IRQHandler
                0x0000000008002600                CAN2_TX_IRQHandler
                0x0000000008002600                TIM5_IRQHandler
                0x0000000008002600                DMA2_Stream7_IRQHandler
                0x0000000008002600                I2C3_EV_IRQHandler
                0x0000000008002600                EXTI9_5_IRQHandler
                0x0000000008002600                RTC_WKUP_IRQHandler
                0x0000000008002600                LTDC_IRQHandler
                0x0000000008002600                ETH_WKUP_IRQHandler
                0x0000000008002600                SPDIF_RX_IRQHandler
                0x0000000008002600                SPI2_IRQHandler
                0x0000000008002600                OTG_HS_EP1_IN_IRQHandler
                0x0000000008002600                DMA1_Stream0_IRQHandler
                0x0000000008002600                CAN1_TX_IRQHandler
                0x0000000008002600                EXTI4_IRQHandler
                0x0000000008002600                RNG_IRQHandler
                0x0000000008002600                ETH_IRQHandler
                0x0000000008002600                OTG_HS_EP1_OUT_IRQHandler
                0x0000000008002600                WWDG_IRQHandler
                0x0000000008002600                SPI6_IRQHandler
                0x0000000008002600                MDIOS_IRQHandler
                0x0000000008002600                I2C4_EV_IRQHandler
                0x0000000008002600                CAN3_TX_IRQHandler
                0x0000000008002600                TIM2_IRQHandler
                0x0000000008002600                OTG_FS_WKUP_IRQHandler
                0x0000000008002600                TIM1_TRG_COM_TIM11_IRQHandler
                0x0000000008002600                OTG_HS_IRQHandler
                0x0000000008002600                DMA2D_IRQHandler
                0x0000000008002600                EXTI1_IRQHandler
                0x0000000008002600                SDMMC2_IRQHandler
                0x0000000008002600                UART7_IRQHandler
                0x0000000008002600                USART2_IRQHandler
                0x0000000008002600                DFSDM1_FLT0_IRQHandler
                0x0000000008002600                I2C2_ER_IRQHandler
                0x0000000008002600                DMA2_Stream1_IRQHandler
                0x0000000008002600                CAN1_SCE_IRQHandler
                0x0000000008002600                FLASH_IRQHandler
                0x0000000008002600                DMA2_Stream4_IRQHandler
                0x0000000008002600                USART1_IRQHandler
                0x0000000008002600                OTG_FS_IRQHandler
                0x0000000008002600                SPI3_IRQHandler
                0x0000000008002600                DMA1_Stream4_IRQHandler
                0x0000000008002600                I2C1_ER_IRQHandler
                0x0000000008002600                FMC_IRQHandler
                0x0000000008002600                LPTIM1_IRQHandler
                0x0000000008002600                I2C4_ER_IRQHandler
                0x0000000008002600                DMA2_Stream6_IRQHandler
                0x0000000008002600                SAI1_IRQHandler
                0x0000000008002600                DMA1_Stream3_IRQHandler
 *fill*         0x0000000008002602        0x2 
 .text.__libc_init_array
                0x0000000008002604       0x48 /home/wayne/download/gcc-arm-none-eabi/gcc-arm-none-eabi-10-2020-q4-major/bin/../lib/gcc/arm-none-eabi/10.2.1/../../../../arm-none-eabi/lib/thumb/v7e-m+dp/hard/libc_nano.a(lib_a-init.o)
                0x0000000008002604                __libc_init_array
 .text.memset   0x000000000800264c       0x10 /home/wayne/download/gcc-arm-none-eabi/gcc-arm-none-eabi-10-2020-q4-major/bin/../lib/gcc/arm-none-eabi/10.2.1/../../../../arm-none-eabi/lib/thumb/v7e-m+dp/hard/libc_nano.a(lib_a-memset.o)
                0x000000000800264c                memset
 *(.glue_7)
 .glue_7        0x000000000800265c        0x0 linker stubs
 *(.glue_7t)
 .glue_7t       0x000000000800265c        0x0 linker stubs
 *(.eh_frame)
 .eh_frame      0x000000000800265c        0x0 /home/wayne/download/gcc-arm-none-eabi/gcc-arm-none-eabi-10-2020-q4-major/bin/../lib/gcc/arm-none-eabi/10.2.1/thumb/v7e-m+dp/hard/crtbegin.o
 *(.init)
 .init          0x000000000800265c        0x4 /home/wayne/download/gcc-arm-none-eabi/gcc-arm-none-eabi-10-2020-q4-major/bin/../lib/gcc/arm-none-eabi/10.2.1/thumb/v7e-m+dp/hard/crti.o
                0x000000000800265c                _init
 .init          0x0000000008002660        0x8 /home/wayne/download/gcc-arm-none-eabi/gcc-arm-none-eabi-10-2020-q4-major/bin/../lib/gcc/arm-none-eabi/10.2.1/thumb/v7e-m+dp/hard/crtn.o
 *(.fini)
 .fini          0x0000000008002668        0x4 /home/wayne/download/gcc-arm-none-eabi/gcc-arm-none-eabi-10-2020-q4-major/bin/../lib/gcc/arm-none-eabi/10.2.1/thumb/v7e-m+dp/hard/crti.o
                0x0000000008002668                _fini
 .fini          0x000000000800266c        0x8 /home/wayne/download/gcc-arm-none-eabi/gcc-arm-none-eabi-10-2020-q4-major/bin/../lib/gcc/arm-none-eabi/10.2.1/thumb/v7e-m+dp/hard/crtn.o
                0x0000000008002674                . = ALIGN (0x4)
                0x0000000008002674                _etext = .

.vfp11_veneer   0x0000000008002674        0x0
 .vfp11_veneer  0x0000000008002674        0x0 linker stubs

.v4_bx          0x0000000008002674        0x0
 .v4_bx         0x0000000008002674        0x0 linker stubs

.iplt           0x0000000008002674        0x0
 .iplt          0x0000000008002674        0x0 /home/wayne/download/gcc-arm-none-eabi/gcc-arm-none-eabi-10-2020-q4-major/bin/../lib/gcc/arm-none-eabi/10.2.1/thumb/v7e-m+dp/hard/crtbegin.o

.rodata         0x0000000008002674       0x28
                0x0000000008002674                . = ALIGN (0x4)
 *(.rodata)
 *(.rodata*)
 .rodata.main.str1.4
                0x0000000008002674        0xf build/main.o
 *fill*         0x0000000008002683        0x1 
 .rodata.AHBPrescTable
                0x0000000008002684       0x10 build/system_stm32f7xx.o
                0x0000000008002684                AHBPrescTable
 .rodata.APBPrescTable
                0x0000000008002694        0x8 build/system_stm32f7xx.o
                0x0000000008002694                APBPrescTable
                0x000000000800269c                . = ALIGN (0x4)

.ARM.extab
 *(.ARM.extab* .gnu.linkonce.armextab.*)

.ARM            0x000000000800269c        0x8
                0x000000000800269c                __exidx_start = .
 *(.ARM.exidx*)
 .ARM.exidx     0x000000000800269c        0x8 /home/wayne/download/gcc-arm-none-eabi/gcc-arm-none-eabi-10-2020-q4-major/bin/../lib/gcc/arm-none-eabi/10.2.1/thumb/v7e-m+dp/hard/libgcc.a(_udivmoddi4.o)
                0x00000000080026a4                __exidx_end = .

.rel.dyn        0x00000000080026a4        0x0
 .rel.iplt      0x00000000080026a4        0x0 /home/wayne/download/gcc-arm-none-eabi/gcc-arm-none-eabi-10-2020-q4-major/bin/../lib/gcc/arm-none-eabi/10.2.1/thumb/v7e-m+dp/hard/crtbegin.o

.preinit_array  0x00000000080026a4        0x0
                0x00000000080026a4                PROVIDE (__preinit_array_start = .)
 *(.preinit_array*)
                0x00000000080026a4                PROVIDE (__preinit_array_end = .)

.init_array     0x00000000080026a4        0x4
                0x00000000080026a4                PROVIDE (__init_array_start = .)
 *(SORT_BY_NAME(.init_array.*))
 *(.init_array*)
 .init_array    0x00000000080026a4        0x4 /home/wayne/download/gcc-arm-none-eabi/gcc-arm-none-eabi-10-2020-q4-major/bin/../lib/gcc/arm-none-eabi/10.2.1/thumb/v7e-m+dp/hard/crtbegin.o
                0x00000000080026a8                PROVIDE (__init_array_end = .)

.fini_array     0x00000000080026a8        0x4
                [!provide]                        PROVIDE (__fini_array_start = .)
 *(SORT_BY_NAME(.fini_array.*))
 *(.fini_array*)
 .fini_array    0x00000000080026a8        0x4 /home/wayne/download/gcc-arm-none-eabi/gcc-arm-none-eabi-10-2020-q4-major/bin/../lib/gcc/arm-none-eabi/10.2.1/thumb/v7e-m+dp/hard/crtbegin.o
                [!provide]                        PROVIDE (__fini_array_end = .)
                0x00000000080026ac                _sidata = LOADADDR (.data)

.data           0x0000000020000000        0xc load address 0x00000000080026ac
                0x0000000020000000                . = ALIGN (0x4)
                0x0000000020000000                _sdata = .
 *(.data)
 *(.data*)
 .data.uwTickFreq
                0x0000000020000000        0x1 build/stm32f7xx_hal.o
                0x0000000020000000                uwTickFreq
 *fill*         0x0000000020000001        0x3 
 .data.uwTickPrio
                0x0000000020000004        0x4 build/stm32f7xx_hal.o
                0x0000000020000004                uwTickPrio
 .data.SystemCoreClock
                0x0000000020000008        0x4 build/system_stm32f7xx.o
                0x0000000020000008                SystemCoreClock
                0x000000002000000c                . = ALIGN (0x4)
                0x000000002000000c                _edata = .

.igot.plt       0x000000002000000c        0x0 load address 0x00000000080026b8
 .igot.plt      0x000000002000000c        0x0 /home/wayne/download/gcc-arm-none-eabi/gcc-arm-none-eabi-10-2020-q4-major/bin/../lib/gcc/arm-none-eabi/10.2.1/thumb/v7e-m+dp/hard/crtbegin.o
                0x000000002000000c                . = ALIGN (0x4)

.bss            0x000000002000000c      0x4a4 load address 0x00000000080026b8
                0x000000002000000c                _sbss = .
                0x000000002000000c                __bss_start__ = _sbss
 *(.bss)
 .bss           0x000000002000000c       0x1c /home/wayne/download/gcc-arm-none-eabi/gcc-arm-none-eabi-10-2020-q4-major/bin/../lib/gcc/arm-none-eabi/10.2.1/thumb/v7e-m+dp/hard/crtbegin.o
 *(.bss*)
 .bss.hpcd_USB_OTG_FS
                0x0000000020000028      0x404 build/main.o
                0x0000000020000028                hpcd_USB_OTG_FS
 .bss.huart3    0x000000002000042c       0x80 build/main.o
                0x000000002000042c                huart3
 .bss.uwTick    0x00000000200004ac        0x4 build/stm32f7xx_hal.o
                0x00000000200004ac                uwTick
 *(COMMON)
                0x00000000200004b0                . = ALIGN (0x4)
                0x00000000200004b0                _ebss = .
                0x00000000200004b0                __bss_end__ = _ebss

._user_heap_stack
                0x00000000200004b0      0x600 load address 0x00000000080026b8
                0x00000000200004b0                . = ALIGN (0x8)
                [!provide]                        PROVIDE (end = .)
                [!provide]                        PROVIDE (_end = .)
                0x00000000200006b0                . = (. + _Min_Heap_Size)
 *fill*         0x00000000200004b0      0x200 
                0x0000000020000ab0                . = (. + _Min_Stack_Size)
 *fill*         0x00000000200006b0      0x400 
                0x0000000020000ab0                . = ALIGN (0x8)

/DISCARD/
 libc.a(*)
 libm.a(*)
 libgcc.a(*)

.ARM.attributes
                0x0000000000000000       0x2e
 *(.ARM.attributes)
 .ARM.attributes
                0x0000000000000000       0x1e /home/wayne/download/gcc-arm-none-eabi/gcc-arm-none-eabi-10-2020-q4-major/bin/../lib/gcc/arm-none-eabi/10.2.1/thumb/v7e-m+dp/hard/crti.o
 .ARM.attributes
                0x000000000000001e       0x32 /home/wayne/download/gcc-arm-none-eabi/gcc-arm-none-eabi-10-2020-q4-major/bin/../lib/gcc/arm-none-eabi/10.2.1/thumb/v7e-m+dp/hard/crtbegin.o
 .ARM.attributes
                0x0000000000000050       0x32 build/main.o
 .ARM.attributes
                0x0000000000000082       0x32 build/stm32f7xx_it.o
 .ARM.attributes
                0x00000000000000b4       0x32 build/stm32f7xx_hal_msp.o
 .ARM.attributes
                0x00000000000000e6       0x32 build/stm32f7xx_hal_cortex.o
 .ARM.attributes
                0x0000000000000118       0x32 build/stm32f7xx_hal_uart.o
 .ARM.attributes
                0x000000000000014a       0x32 build/stm32f7xx_hal_rcc.o
 .ARM.attributes
                0x000000000000017c       0x32 build/stm32f7xx_hal_rcc_ex.o
 .ARM.attributes
                0x00000000000001ae       0x32 build/stm32f7xx_hal_gpio.o
 .ARM.attributes
                0x00000000000001e0       0x32 build/stm32f7xx_hal_pwr.o
 .ARM.attributes
                0x0000000000000212       0x32 build/stm32f7xx_hal_pwr_ex.o
 .ARM.attributes
                0x0000000000000244       0x32 build/stm32f7xx_hal.o
 .ARM.attributes
                0x0000000000000276       0x32 build/stm32f7xx_hal_pcd.o
 .ARM.attributes
                0x00000000000002a8       0x32 build/stm32f7xx_hal_pcd_ex.o
 .ARM.attributes
                0x00000000000002da       0x32 build/stm32f7xx_ll_usb.o
 .ARM.attributes
                0x000000000000030c       0x32 build/system_stm32f7xx.o
 .ARM.attributes
                0x000000000000033e       0x21 build/startup_stm32f767xx.o
 .ARM.attributes
                0x000000000000035f       0x32 /home/wayne/download/gcc-arm-none-eabi/gcc-arm-none-eabi-10-2020-q4-major/bin/../lib/gcc/arm-none-eabi/10.2.1/../../../../arm-none-eabi/lib/thumb/v7e-m+dp/hard/libc_nano.a(lib_a-init.o)
 .ARM.attributes
                0x0000000000000391       0x32 /home/wayne/download/gcc-arm-none-eabi/gcc-arm-none-eabi-10-2020-q4-major/bin/../lib/gcc/arm-none-eabi/10.2.1/../../../../arm-none-eabi/lib/thumb/v7e-m+dp/hard/libc_nano.a(lib_a-memset.o)
 .ARM.attributes
                0x00000000000003c3       0x1e /home/wayne/download/gcc-arm-none-eabi/gcc-arm-none-eabi-10-2020-q4-major/bin/../lib/gcc/arm-none-eabi/10.2.1/thumb/v7e-m+dp/hard/libgcc.a(_aeabi_uldivmod.o)
 .ARM.attributes
                0x00000000000003e1       0x32 /home/wayne/download/gcc-arm-none-eabi/gcc-arm-none-eabi-10-2020-q4-major/bin/../lib/gcc/arm-none-eabi/10.2.1/thumb/v7e-m+dp/hard/libgcc.a(_udivmoddi4.o)
 .ARM.attributes
                0x0000000000000413       0x1e /home/wayne/download/gcc-arm-none-eabi/gcc-arm-none-eabi-10-2020-q4-major/bin/../lib/gcc/arm-none-eabi/10.2.1/thumb/v7e-m+dp/hard/libgcc.a(_dvmd_tls.o)
 .ARM.attributes
                0x0000000000000431       0x1e /home/wayne/download/gcc-arm-none-eabi/gcc-arm-none-eabi-10-2020-q4-major/bin/../lib/gcc/arm-none-eabi/10.2.1/thumb/v7e-m+dp/hard/crtn.o
OUTPUT(build/f767zi_blinky.elf elf32-littlearm)
LOAD linker stubs
LOAD /home/wayne/download/gcc-arm-none-eabi/gcc-arm-none-eabi-10-2020-q4-major/bin/../lib/gcc/arm-none-eabi/10.2.1/../../../../arm-none-eabi/lib/thumb/v7e-m+dp/hard/libc.a
LOAD /home/wayne/download/gcc-arm-none-eabi/gcc-arm-none-eabi-10-2020-q4-major/bin/../lib/gcc/arm-none-eabi/10.2.1/../../../../arm-none-eabi/lib/thumb/v7e-m+dp/hard/libm.a
LOAD /home/wayne/download/gcc-arm-none-eabi/gcc-arm-none-eabi-10-2020-q4-major/bin/../lib/gcc/arm-none-eabi/10.2.1/thumb/v7e-m+dp/hard/libgcc.a

.debug_info     0x0000000000000000     0xefc8
 .debug_info    0x0000000000000000     0x19e0 build/main.o
 .debug_info    0x00000000000019e0      0x15a build/stm32f7xx_it.o
 .debug_info    0x0000000000001b3a     0x11b8 build/stm32f7xx_hal_msp.o
 .debug_info    0x0000000000002cf2     0x1432 build/stm32f7xx_hal_cortex.o
 .debug_info    0x0000000000004124     0x2128 build/stm32f7xx_hal_uart.o
 .debug_info    0x000000000000624c      0xd17 build/stm32f7xx_hal_rcc.o
 .debug_info    0x0000000000006f63      0x986 build/stm32f7xx_hal_rcc_ex.o
 .debug_info    0x00000000000078e9      0x876 build/stm32f7xx_hal_gpio.o
 .debug_info    0x000000000000815f      0xaac build/stm32f7xx_hal_pwr.o
 .debug_info    0x0000000000008c0b      0xb1b build/stm32f7xx_hal_pwr_ex.o
 .debug_info    0x0000000000009726      0xbec build/stm32f7xx_hal.o
 .debug_info    0x000000000000a312     0x1b24 build/stm32f7xx_hal_pcd.o
 .debug_info    0x000000000000be36      0x873 build/stm32f7xx_hal_pcd_ex.o
 .debug_info    0x000000000000c6a9     0x20fb build/stm32f7xx_ll_usb.o
 .debug_info    0x000000000000e7a4      0x802 build/system_stm32f7xx.o
 .debug_info    0x000000000000efa6       0x22 build/startup_stm32f767xx.o

.debug_abbrev   0x0000000000000000     0x1fe2
 .debug_abbrev  0x0000000000000000      0x270 build/main.o
 .debug_abbrev  0x0000000000000270       0x81 build/stm32f7xx_it.o
 .debug_abbrev  0x00000000000002f1      0x1bd build/stm32f7xx_hal_msp.o
 .debug_abbrev  0x00000000000004ae      0x382 build/stm32f7xx_hal_cortex.o
 .debug_abbrev  0x0000000000000830      0x286 build/stm32f7xx_hal_uart.o
 .debug_abbrev  0x0000000000000ab6      0x2d2 build/stm32f7xx_hal_rcc.o
 .debug_abbrev  0x0000000000000d88      0x1f4 build/stm32f7xx_hal_rcc_ex.o
 .debug_abbrev  0x0000000000000f7c      0x22b build/stm32f7xx_hal_gpio.o
 .debug_abbrev  0x00000000000011a7      0x1cf build/stm32f7xx_hal_pwr.o
 .debug_abbrev  0x0000000000001376      0x1b8 build/stm32f7xx_hal_pwr_ex.o
 .debug_abbrev  0x000000000000152e      0x209 build/stm32f7xx_hal.o
 .debug_abbrev  0x0000000000001737      0x2c2 build/stm32f7xx_hal_pcd.o
 .debug_abbrev  0x00000000000019f9      0x1b4 build/stm32f7xx_hal_pcd_ex.o
 .debug_abbrev  0x0000000000001bad      0x2f9 build/stm32f7xx_ll_usb.o
 .debug_abbrev  0x0000000000001ea6      0x12a build/system_stm32f7xx.o
 .debug_abbrev  0x0000000000001fd0       0x12 build/startup_stm32f767xx.o

.debug_loc      0x0000000000000000     0x8823
 .debug_loc     0x0000000000000000       0xdf build/main.o
 .debug_loc     0x00000000000000df       0x20 build/stm32f7xx_it.o
 .debug_loc     0x00000000000000ff      0x1fc build/stm32f7xx_hal_msp.o
 .debug_loc     0x00000000000002fb      0x794 build/stm32f7xx_hal_cortex.o
 .debug_loc     0x0000000000000a8f     0x20bd build/stm32f7xx_hal_uart.o
 .debug_loc     0x0000000000002b4c      0x80d build/stm32f7xx_hal_rcc.o
 .debug_loc     0x0000000000003359      0x93b build/stm32f7xx_hal_rcc_ex.o
 .debug_loc     0x0000000000003c94      0x5d4 build/stm32f7xx_hal_gpio.o
 .debug_loc     0x0000000000004268       0x79 build/stm32f7xx_hal_pwr.o
 .debug_loc     0x00000000000042e1      0x3dd build/stm32f7xx_hal_pwr_ex.o
 .debug_loc     0x00000000000046be      0x1e1 build/stm32f7xx_hal.o
 .debug_loc     0x000000000000489f     0x1478 build/stm32f7xx_hal_pcd.o
 .debug_loc     0x0000000000005d17      0x1a4 build/stm32f7xx_hal_pcd_ex.o
 .debug_loc     0x0000000000005ebb     0x2810 build/stm32f7xx_ll_usb.o
 .debug_loc     0x00000000000086cb      0x158 build/system_stm32f7xx.o

.debug_aranges  0x0000000000000000      0xa68
 .debug_aranges
                0x0000000000000000       0x48 build/main.o
 .debug_aranges
                0x0000000000000048       0x60 build/stm32f7xx_it.o
 .debug_aranges
                0x00000000000000a8       0x40 build/stm32f7xx_hal_msp.o
 .debug_aranges
                0x00000000000000e8       0xa8 build/stm32f7xx_hal_cortex.o
 .debug_aranges
                0x0000000000000190      0x218 build/stm32f7xx_hal_uart.o
 .debug_aranges
                0x00000000000003a8       0x88 build/stm32f7xx_hal_rcc.o
 .debug_aranges
                0x0000000000000430       0x50 build/stm32f7xx_hal_rcc_ex.o
 .debug_aranges
                0x0000000000000480       0x58 build/stm32f7xx_hal_gpio.o
 .debug_aranges
                0x00000000000004d8       0xa0 build/stm32f7xx_hal_pwr.o
 .debug_aranges
                0x0000000000000578       0x80 build/stm32f7xx_hal_pwr_ex.o
 .debug_aranges
                0x00000000000005f8      0x110 build/stm32f7xx_hal.o
 .debug_aranges
                0x0000000000000708      0x130 build/stm32f7xx_hal_pcd.o
 .debug_aranges
                0x0000000000000838       0x48 build/stm32f7xx_hal_pcd_ex.o
 .debug_aranges
                0x0000000000000880      0x198 build/stm32f7xx_ll_usb.o
 .debug_aranges
                0x0000000000000a18       0x28 build/system_stm32f7xx.o
 .debug_aranges
                0x0000000000000a40       0x28 build/startup_stm32f767xx.o

.debug_ranges   0x0000000000000000      0x9d0
 .debug_ranges  0x0000000000000000       0x38 build/main.o
 .debug_ranges  0x0000000000000038       0x50 build/stm32f7xx_it.o
 .debug_ranges  0x0000000000000088       0x30 build/stm32f7xx_hal_msp.o
 .debug_ranges  0x00000000000000b8       0xf8 build/stm32f7xx_hal_cortex.o
 .debug_ranges  0x00000000000001b0      0x208 build/stm32f7xx_hal_uart.o
 .debug_ranges  0x00000000000003b8       0x78 build/stm32f7xx_hal_rcc.o
 .debug_ranges  0x0000000000000430       0x40 build/stm32f7xx_hal_rcc_ex.o
 .debug_ranges  0x0000000000000470       0x48 build/stm32f7xx_hal_gpio.o
 .debug_ranges  0x00000000000004b8       0x90 build/stm32f7xx_hal_pwr.o
 .debug_ranges  0x0000000000000548       0x70 build/stm32f7xx_hal_pwr_ex.o
 .debug_ranges  0x00000000000005b8      0x100 build/stm32f7xx_hal.o
 .debug_ranges  0x00000000000006b8      0x120 build/stm32f7xx_hal_pcd.o
 .debug_ranges  0x00000000000007d8       0x38 build/stm32f7xx_hal_pcd_ex.o
 .debug_ranges  0x0000000000000810      0x188 build/stm32f7xx_ll_usb.o
 .debug_ranges  0x0000000000000998       0x18 build/system_stm32f7xx.o
 .debug_ranges  0x00000000000009b0       0x20 build/startup_stm32f767xx.o

.debug_line     0x0000000000000000     0x9970
 .debug_line    0x0000000000000000      0x65a build/main.o
 .debug_line    0x000000000000065a      0x177 build/stm32f7xx_it.o
 .debug_line    0x00000000000007d1      0x380 build/stm32f7xx_hal_msp.o
 .debug_line    0x0000000000000b51      0x7a5 build/stm32f7xx_hal_cortex.o
 .debug_line    0x00000000000012f6     0x218a build/stm32f7xx_hal_uart.o
 .debug_line    0x0000000000003480      0xd19 build/stm32f7xx_hal_rcc.o
 .debug_line    0x0000000000004199      0xc4b build/stm32f7xx_hal_rcc_ex.o
 .debug_line    0x0000000000004de4      0x70d build/stm32f7xx_hal_gpio.o
 .debug_line    0x00000000000054f1      0x487 build/stm32f7xx_hal_pwr.o
 .debug_line    0x0000000000005978      0x588 build/stm32f7xx_hal_pwr_ex.o
 .debug_line    0x0000000000005f00      0x5ed build/stm32f7xx_hal.o
 .debug_line    0x00000000000064ed     0x1315 build/stm32f7xx_hal_pcd.o
 .debug_line    0x0000000000007802      0x367 build/stm32f7xx_hal_pcd_ex.o
 .debug_line    0x0000000000007b69     0x1b10 build/stm32f7xx_ll_usb.o
 .debug_line    0x0000000000009679      0x284 build/system_stm32f7xx.o
 .debug_line    0x00000000000098fd       0x73 build/startup_stm32f767xx.o

.debug_str      0x0000000000000000     0x3d5e
 .debug_str     0x0000000000000000      0xfe8 build/main.o
                                       0x10af (size before relaxing)
 .debug_str     0x0000000000000fe8       0xb4 build/stm32f7xx_it.o
                                        0x240 (size before relaxing)
 .debug_str     0x000000000000109c       0x8a build/stm32f7xx_hal_msp.o
                                        0xb62 (size before relaxing)
 .debug_str     0x0000000000001126      0xc14 build/stm32f7xx_hal_cortex.o
                                        0xe5c (size before relaxing)
 .debug_str     0x0000000000001d3a      0x7b2 build/stm32f7xx_hal_uart.o
                                        0xf64 (size before relaxing)
 .debug_str     0x00000000000024ec      0x1da build/stm32f7xx_hal_rcc.o
                                        0x748 (size before relaxing)
 .debug_str     0x00000000000026c6      0x14c build/stm32f7xx_hal_rcc_ex.o
                                        0x74a (size before relaxing)
 .debug_str     0x0000000000002812       0xfc build/stm32f7xx_hal_gpio.o
                                        0x50e (size before relaxing)
 .debug_str     0x000000000000290e      0x1fc build/stm32f7xx_hal_pwr.o
                                        0x64e (size before relaxing)
 .debug_str     0x0000000000002b0a      0x1bf build/stm32f7xx_hal_pwr_ex.o
                                        0x65d (size before relaxing)
 .debug_str     0x0000000000002cc9      0x309 build/stm32f7xx_hal.o
                                        0xd42 (size before relaxing)
 .debug_str     0x0000000000002fd2      0x786 build/stm32f7xx_hal_pcd.o
                                        0xd78 (size before relaxing)
 .debug_str     0x0000000000003758      0x16a build/stm32f7xx_hal_pcd_ex.o
                                        0x762 (size before relaxing)
 .debug_str     0x00000000000038c2      0x431 build/stm32f7xx_ll_usb.o
                                        0xc90 (size before relaxing)
 .debug_str     0x0000000000003cf3       0x47 build/system_stm32f7xx.o
                                        0x46c (size before relaxing)
 .debug_str     0x0000000000003d3a       0x24 build/startup_stm32f767xx.o
                                         0x7b (size before relaxing)

.comment        0x0000000000000000       0x4d
 .comment       0x0000000000000000       0x4d build/main.o
                                         0x4e (size before relaxing)
 .comment       0x000000000000004d       0x4e build/stm32f7xx_it.o
 .comment       0x000000000000004d       0x4e build/stm32f7xx_hal_msp.o
 .comment       0x000000000000004d       0x4e build/stm32f7xx_hal_cortex.o
 .comment       0x000000000000004d       0x4e build/stm32f7xx_hal_uart.o
 .comment       0x000000000000004d       0x4e build/stm32f7xx_hal_rcc.o
 .comment       0x000000000000004d       0x4e build/stm32f7xx_hal_rcc_ex.o
 .comment       0x000000000000004d       0x4e build/stm32f7xx_hal_gpio.o
 .comment       0x000000000000004d       0x4e build/stm32f7xx_hal_pwr.o
 .comment       0x000000000000004d       0x4e build/stm32f7xx_hal_pwr_ex.o
 .comment       0x000000000000004d       0x4e build/stm32f7xx_hal.o
 .comment       0x000000000000004d       0x4e build/stm32f7xx_hal_pcd.o
 .comment       0x000000000000004d       0x4e build/stm32f7xx_hal_pcd_ex.o
 .comment       0x000000000000004d       0x4e build/stm32f7xx_ll_usb.o
 .comment       0x000000000000004d       0x4e build/system_stm32f7xx.o

.debug_frame    0x0000000000000000     0x1994
 .debug_frame   0x0000000000000000       0xb4 build/main.o
 .debug_frame   0x00000000000000b4       0xa8 build/stm32f7xx_it.o
 .debug_frame   0x000000000000015c       0x9c build/stm32f7xx_hal_msp.o
 .debug_frame   0x00000000000001f8      0x148 build/stm32f7xx_hal_cortex.o
 .debug_frame   0x0000000000000340      0x5d4 build/stm32f7xx_hal_uart.o
 .debug_frame   0x0000000000000914      0x178 build/stm32f7xx_hal_rcc.o
 .debug_frame   0x0000000000000a8c       0xc0 build/stm32f7xx_hal_rcc_ex.o
 .debug_frame   0x0000000000000b4c       0xd8 build/stm32f7xx_hal_gpio.o
 .debug_frame   0x0000000000000c24      0x128 build/stm32f7xx_hal_pwr.o
 .debug_frame   0x0000000000000d4c      0x134 build/stm32f7xx_hal_pwr_ex.o
 .debug_frame   0x0000000000000e80      0x22c build/stm32f7xx_hal.o
 .debug_frame   0x00000000000010ac      0x348 build/stm32f7xx_hal_pcd.o
 .debug_frame   0x00000000000013f4       0x7c build/stm32f7xx_hal_pcd_ex.o
 .debug_frame   0x0000000000001470      0x448 build/stm32f7xx_ll_usb.o
 .debug_frame   0x00000000000018b8       0x30 build/system_stm32f7xx.o
 .debug_frame   0x00000000000018e8       0x2c /home/wayne/download/gcc-arm-none-eabi/gcc-arm-none-eabi-10-2020-q4-major/bin/../lib/gcc/arm-none-eabi/10.2.1/../../../../arm-none-eabi/lib/thumb/v7e-m+dp/hard/libc_nano.a(lib_a-init.o)
 .debug_frame   0x0000000000001914       0x20 /home/wayne/download/gcc-arm-none-eabi/gcc-arm-none-eabi-10-2020-q4-major/bin/../lib/gcc/arm-none-eabi/10.2.1/../../../../arm-none-eabi/lib/thumb/v7e-m+dp/hard/libc_nano.a(lib_a-memset.o)
 .debug_frame   0x0000000000001934       0x2c /home/wayne/download/gcc-arm-none-eabi/gcc-arm-none-eabi-10-2020-q4-major/bin/../lib/gcc/arm-none-eabi/10.2.1/thumb/v7e-m+dp/hard/libgcc.a(_aeabi_uldivmod.o)
 .debug_frame   0x0000000000001960       0x34 /home/wayne/download/gcc-arm-none-eabi/gcc-arm-none-eabi-10-2020-q4-major/bin/../lib/gcc/arm-none-eabi/10.2.1/thumb/v7e-m+dp/hard/libgcc.a(_udivmoddi4.o)

Cross Reference Table

Symbol                                            File
ADC_IRQHandler                                    build/startup_stm32f767xx.o
AHBPrescTable                                     build/system_stm32f7xx.o
                                                  build/stm32f7xx_hal_rcc.o
APBPrescTable                                     build/system_stm32f7xx.o
                                                  build/stm32f7xx_hal_rcc.o
BusFault_Handler                                  build/stm32f7xx_it.o
CAN1_RX0_IRQHandler                               build/startup_stm32f767xx.o
CAN1_RX1_IRQHandler                               build/startup_stm32f767xx.o
CAN1_SCE_IRQHandler                               build/startup_stm32f767xx.o
CAN1_TX_IRQHandler                                build/startup_stm32f767xx.o
CAN2_RX0_IRQHandler                               build/startup_stm32f767xx.o
CAN2_RX1_IRQHandler                               build/startup_stm32f767xx.o
CAN2_SCE_IRQHandler                               build/startup_stm32f767xx.o
CAN2_TX_IRQHandler                                build/startup_stm32f767xx.o
CAN3_RX0_IRQHandler                               build/startup_stm32f767xx.o
CAN3_RX1_IRQHandler                               build/startup_stm32f767xx.o
CAN3_SCE_IRQHandler                               build/startup_stm32f767xx.o
CAN3_TX_IRQHandler                                build/startup_stm32f767xx.o
CEC_IRQHandler                                    build/startup_stm32f767xx.o
DCMI_IRQHandler                                   build/startup_stm32f767xx.o
DFSDM1_FLT0_IRQHandler                            build/startup_stm32f767xx.o
DFSDM1_FLT1_IRQHandler                            build/startup_stm32f767xx.o
DFSDM1_FLT2_IRQHandler                            build/startup_stm32f767xx.o
DFSDM1_FLT3_IRQHandler                            build/startup_stm32f767xx.o
DMA1_Stream0_IRQHandler                           build/startup_stm32f767xx.o
DMA1_Stream1_IRQHandler                           build/startup_stm32f767xx.o
DMA1_Stream2_IRQHandler                           build/startup_stm32f767xx.o
DMA1_Stream3_IRQHandler                           build/startup_stm32f767xx.o
DMA1_Stream4_IRQHandler                           build/startup_stm32f767xx.o
DMA1_Stream5_IRQHandler                           build/startup_stm32f767xx.o
DMA1_Stream6_IRQHandler                           build/startup_stm32f767xx.o
DMA1_Stream7_IRQHandler                           build/startup_stm32f767xx.o
DMA2D_IRQHandler                                  build/startup_stm32f767xx.o
DMA2_Stream0_IRQHandler                           build/startup_stm32f767xx.o
DMA2_Stream1_IRQHandler                           build/startup_stm32f767xx.o
DMA2_Stream2_IRQHandler                           build/startup_stm32f767xx.o
DMA2_Stream3_IRQHandler                           build/startup_stm32f767xx.o
DMA2_Stream4_IRQHandler                           build/startup_stm32f767xx.o
DMA2_Stream5_IRQHandler                           build/startup_stm32f767xx.o
DMA2_Stream6_IRQHandler                           build/startup_stm32f767xx.o
DMA2_Stream7_IRQHandler                           build/startup_stm32f767xx.o
DebugMon_Handler                                  build/stm32f7xx_it.o
Default_Handler                                   build/startup_stm32f767xx.o
ETH_IRQHandler                                    build/startup_stm32f767xx.o
ETH_WKUP_IRQHandler                               build/startup_stm32f767xx.o
EXTI0_IRQHandler                                  build/startup_stm32f767xx.o
EXTI15_10_IRQHandler                              build/startup_stm32f767xx.o
EXTI1_IRQHandler                                  build/startup_stm32f767xx.o
EXTI2_IRQHandler                                  build/startup_stm32f767xx.o
EXTI3_IRQHandler                                  build/startup_stm32f767xx.o
EXTI4_IRQHandler                                  build/startup_stm32f767xx.o
EXTI9_5_IRQHandler                                build/startup_stm32f767xx.o
Error_Handler                                     build/main.o
FLASH_Erase_Sector                                build/stm32f7xx_hal_flash_ex.o
                                                  build/stm32f7xx_hal_flash.o
FLASH_IRQHandler                                  build/startup_stm32f767xx.o
FLASH_WaitForLastOperation                        build/stm32f7xx_hal_flash.o
                                                  build/stm32f7xx_hal_flash_ex.o
FMC_IRQHandler                                    build/startup_stm32f767xx.o
FPU_IRQHandler                                    build/startup_stm32f767xx.o
HAL_DBGMCU_DisableDBGSleepMode                    build/stm32f7xx_hal.o
HAL_DBGMCU_DisableDBGStandbyMode                  build/stm32f7xx_hal.o
HAL_DBGMCU_DisableDBGStopMode                     build/stm32f7xx_hal.o
HAL_DBGMCU_EnableDBGSleepMode                     build/stm32f7xx_hal.o
HAL_DBGMCU_EnableDBGStandbyMode                   build/stm32f7xx_hal.o
HAL_DBGMCU_EnableDBGStopMode                      build/stm32f7xx_hal.o
HAL_DMAEx_ChangeMemory                            build/stm32f7xx_hal_dma_ex.o
HAL_DMAEx_MultiBufferStart                        build/stm32f7xx_hal_dma_ex.o
HAL_DMAEx_MultiBufferStart_IT                     build/stm32f7xx_hal_dma_ex.o
HAL_DMA_Abort                                     build/stm32f7xx_hal_dma.o
                                                  build/stm32f7xx_hal_uart.o
HAL_DMA_Abort_IT                                  build/stm32f7xx_hal_dma.o
                                                  build/stm32f7xx_hal_i2c.o
                                                  build/stm32f7xx_hal_uart.o
HAL_DMA_DeInit                                    build/stm32f7xx_hal_dma.o
HAL_DMA_GetError                                  build/stm32f7xx_hal_dma.o
                                                  build/stm32f7xx_hal_i2c.o
                                                  build/stm32f7xx_hal_uart.o
HAL_DMA_GetState                                  build/stm32f7xx_hal_dma.o
HAL_DMA_IRQHandler                                build/stm32f7xx_hal_dma.o
HAL_DMA_Init                                      build/stm32f7xx_hal_dma.o
HAL_DMA_PollForTransfer                           build/stm32f7xx_hal_dma.o
HAL_DMA_RegisterCallback                          build/stm32f7xx_hal_dma.o
HAL_DMA_Start                                     build/stm32f7xx_hal_dma.o
HAL_DMA_Start_IT                                  build/stm32f7xx_hal_dma.o
                                                  build/stm32f7xx_hal_i2c.o
                                                  build/stm32f7xx_hal_uart.o
HAL_DMA_UnRegisterCallback                        build/stm32f7xx_hal_dma.o
HAL_DeInit                                        build/stm32f7xx_hal.o
HAL_Delay                                         build/stm32f7xx_hal.o
                                                  build/stm32f7xx_ll_usb.o
                                                  build/main.o
HAL_DisableCompensationCell                       build/stm32f7xx_hal.o
HAL_DisableFMCMemorySwapping                      build/stm32f7xx_hal.o
HAL_DisableMemorySwappingBank                     build/stm32f7xx_hal.o
HAL_EXTI_ClearConfigLine                          build/stm32f7xx_hal_exti.o
HAL_EXTI_ClearPending                             build/stm32f7xx_hal_exti.o
HAL_EXTI_GenerateSWI                              build/stm32f7xx_hal_exti.o
HAL_EXTI_GetConfigLine                            build/stm32f7xx_hal_exti.o
HAL_EXTI_GetHandle                                build/stm32f7xx_hal_exti.o
HAL_EXTI_GetPending                               build/stm32f7xx_hal_exti.o
HAL_EXTI_IRQHandler                               build/stm32f7xx_hal_exti.o
HAL_EXTI_RegisterCallback                         build/stm32f7xx_hal_exti.o
HAL_EXTI_SetConfigLine                            build/stm32f7xx_hal_exti.o
HAL_EnableCompensationCell                        build/stm32f7xx_hal.o
HAL_EnableFMCMemorySwapping                       build/stm32f7xx_hal.o
HAL_EnableMemorySwappingBank                      build/stm32f7xx_hal.o
HAL_FLASHEx_Erase                                 build/stm32f7xx_hal_flash_ex.o
HAL_FLASHEx_Erase_IT                              build/stm32f7xx_hal_flash_ex.o
HAL_FLASHEx_OBGetConfig                           build/stm32f7xx_hal_flash_ex.o
HAL_FLASHEx_OBProgram                             build/stm32f7xx_hal_flash_ex.o
HAL_FLASH_EndOfOperationCallback                  build/stm32f7xx_hal_flash.o
HAL_FLASH_GetError                                build/stm32f7xx_hal_flash.o
HAL_FLASH_IRQHandler                              build/stm32f7xx_hal_flash.o
HAL_FLASH_Lock                                    build/stm32f7xx_hal_flash.o
HAL_FLASH_OB_Launch                               build/stm32f7xx_hal_flash.o
HAL_FLASH_OB_Lock                                 build/stm32f7xx_hal_flash.o
HAL_FLASH_OB_Unlock                               build/stm32f7xx_hal_flash.o
HAL_FLASH_OperationErrorCallback                  build/stm32f7xx_hal_flash.o
HAL_FLASH_Program                                 build/stm32f7xx_hal_flash.o
HAL_FLASH_Program_IT                              build/stm32f7xx_hal_flash.o
HAL_FLASH_Unlock                                  build/stm32f7xx_hal_flash.o
HAL_GPIO_DeInit                                   build/stm32f7xx_hal_gpio.o
                                                  build/stm32f7xx_hal_msp.o
HAL_GPIO_EXTI_Callback                            build/stm32f7xx_hal_gpio.o
HAL_GPIO_EXTI_IRQHandler                          build/stm32f7xx_hal_gpio.o
HAL_GPIO_Init                                     build/stm32f7xx_hal_gpio.o
                                                  build/stm32f7xx_hal_rcc.o
                                                  build/stm32f7xx_hal_msp.o
                                                  build/main.o
HAL_GPIO_LockPin                                  build/stm32f7xx_hal_gpio.o
HAL_GPIO_ReadPin                                  build/stm32f7xx_hal_gpio.o
                                                  build/main.o
HAL_GPIO_TogglePin                                build/stm32f7xx_hal_gpio.o
                                                  build/main.o
HAL_GPIO_WritePin                                 build/stm32f7xx_hal_gpio.o
                                                  build/main.o
HAL_GetDEVID                                      build/stm32f7xx_hal.o
HAL_GetHalVersion                                 build/stm32f7xx_hal.o
HAL_GetREVID                                      build/stm32f7xx_hal.o
HAL_GetTick                                       build/stm32f7xx_hal.o
                                                  build/stm32f7xx_hal_i2c.o
                                                  build/stm32f7xx_hal_pwr_ex.o
                                                  build/stm32f7xx_hal_dma.o
                                                  build/stm32f7xx_hal_flash.o
                                                  build/stm32f7xx_hal_rcc_ex.o
                                                  build/stm32f7xx_hal_rcc.o
                                                  build/stm32f7xx_hal_uart_ex.o
                                                  build/stm32f7xx_hal_uart.o
HAL_GetTickFreq                                   build/stm32f7xx_hal.o
HAL_GetTickPrio                                   build/stm32f7xx_hal.o
HAL_GetUIDw0                                      build/stm32f7xx_hal.o
HAL_GetUIDw1                                      build/stm32f7xx_hal.o
HAL_GetUIDw2                                      build/stm32f7xx_hal.o
HAL_HalfDuplex_EnableReceiver                     build/stm32f7xx_hal_uart.o
HAL_HalfDuplex_EnableTransmitter                  build/stm32f7xx_hal_uart.o
HAL_HalfDuplex_Init                               build/stm32f7xx_hal_uart.o
HAL_I2CEx_ConfigAnalogFilter                      build/stm32f7xx_hal_i2c_ex.o
HAL_I2CEx_ConfigDigitalFilter                     build/stm32f7xx_hal_i2c_ex.o
HAL_I2CEx_DisableFastModePlus                     build/stm32f7xx_hal_i2c_ex.o
HAL_I2CEx_EnableFastModePlus                      build/stm32f7xx_hal_i2c_ex.o
HAL_I2C_AbortCpltCallback                         build/stm32f7xx_hal_i2c.o
HAL_I2C_AddrCallback                              build/stm32f7xx_hal_i2c.o
HAL_I2C_DeInit                                    build/stm32f7xx_hal_i2c.o
HAL_I2C_DisableListen_IT                          build/stm32f7xx_hal_i2c.o
HAL_I2C_ER_IRQHandler                             build/stm32f7xx_hal_i2c.o
HAL_I2C_EV_IRQHandler                             build/stm32f7xx_hal_i2c.o
HAL_I2C_EnableListen_IT                           build/stm32f7xx_hal_i2c.o
HAL_I2C_ErrorCallback                             build/stm32f7xx_hal_i2c.o
HAL_I2C_GetError                                  build/stm32f7xx_hal_i2c.o
HAL_I2C_GetMode                                   build/stm32f7xx_hal_i2c.o
HAL_I2C_GetState                                  build/stm32f7xx_hal_i2c.o
HAL_I2C_Init                                      build/stm32f7xx_hal_i2c.o
HAL_I2C_IsDeviceReady                             build/stm32f7xx_hal_i2c.o
HAL_I2C_ListenCpltCallback                        build/stm32f7xx_hal_i2c.o
HAL_I2C_MasterRxCpltCallback                      build/stm32f7xx_hal_i2c.o
HAL_I2C_MasterTxCpltCallback                      build/stm32f7xx_hal_i2c.o
HAL_I2C_Master_Abort_IT                           build/stm32f7xx_hal_i2c.o
HAL_I2C_Master_Receive                            build/stm32f7xx_hal_i2c.o
HAL_I2C_Master_Receive_DMA                        build/stm32f7xx_hal_i2c.o
HAL_I2C_Master_Receive_IT                         build/stm32f7xx_hal_i2c.o
HAL_I2C_Master_Seq_Receive_DMA                    build/stm32f7xx_hal_i2c.o
HAL_I2C_Master_Seq_Receive_IT                     build/stm32f7xx_hal_i2c.o
HAL_I2C_Master_Seq_Transmit_DMA                   build/stm32f7xx_hal_i2c.o
HAL_I2C_Master_Seq_Transmit_IT                    build/stm32f7xx_hal_i2c.o
HAL_I2C_Master_Transmit                           build/stm32f7xx_hal_i2c.o
HAL_I2C_Master_Transmit_DMA                       build/stm32f7xx_hal_i2c.o
HAL_I2C_Master_Transmit_IT                        build/stm32f7xx_hal_i2c.o
HAL_I2C_MemRxCpltCallback                         build/stm32f7xx_hal_i2c.o
HAL_I2C_MemTxCpltCallback                         build/stm32f7xx_hal_i2c.o
HAL_I2C_Mem_Read                                  build/stm32f7xx_hal_i2c.o
HAL_I2C_Mem_Read_DMA                              build/stm32f7xx_hal_i2c.o
HAL_I2C_Mem_Read_IT                               build/stm32f7xx_hal_i2c.o
HAL_I2C_Mem_Write                                 build/stm32f7xx_hal_i2c.o
HAL_I2C_Mem_Write_DMA                             build/stm32f7xx_hal_i2c.o
HAL_I2C_Mem_Write_IT                              build/stm32f7xx_hal_i2c.o
HAL_I2C_MspDeInit                                 build/stm32f7xx_hal_i2c.o
HAL_I2C_MspInit                                   build/stm32f7xx_hal_i2c.o
HAL_I2C_SlaveRxCpltCallback                       build/stm32f7xx_hal_i2c.o
HAL_I2C_SlaveTxCpltCallback                       build/stm32f7xx_hal_i2c.o
HAL_I2C_Slave_Receive                             build/stm32f7xx_hal_i2c.o
HAL_I2C_Slave_Receive_DMA                         build/stm32f7xx_hal_i2c.o
HAL_I2C_Slave_Receive_IT                          build/stm32f7xx_hal_i2c.o
HAL_I2C_Slave_Seq_Receive_DMA                     build/stm32f7xx_hal_i2c.o
HAL_I2C_Slave_Seq_Receive_IT                      build/stm32f7xx_hal_i2c.o
HAL_I2C_Slave_Seq_Transmit_DMA                    build/stm32f7xx_hal_i2c.o
HAL_I2C_Slave_Seq_Transmit_IT                     build/stm32f7xx_hal_i2c.o
HAL_I2C_Slave_Transmit                            build/stm32f7xx_hal_i2c.o
HAL_I2C_Slave_Transmit_DMA                        build/stm32f7xx_hal_i2c.o
HAL_I2C_Slave_Transmit_IT                         build/stm32f7xx_hal_i2c.o
HAL_IncTick                                       build/stm32f7xx_hal.o
                                                  build/stm32f7xx_it.o
HAL_Init                                          build/stm32f7xx_hal.o
                                                  build/main.o
HAL_InitTick                                      build/stm32f7xx_hal.o
                                                  build/stm32f7xx_hal_rcc.o
HAL_LIN_Init                                      build/stm32f7xx_hal_uart.o
HAL_LIN_SendBreak                                 build/stm32f7xx_hal_uart.o
HAL_MPU_ConfigRegion                              build/stm32f7xx_hal_cortex.o
HAL_MPU_Disable                                   build/stm32f7xx_hal_cortex.o
HAL_MPU_Enable                                    build/stm32f7xx_hal_cortex.o
HAL_MspDeInit                                     build/stm32f7xx_hal.o
HAL_MspInit                                       build/stm32f7xx_hal_msp.o
HAL_MultiProcessorEx_AddressLength_Set            build/stm32f7xx_hal_uart_ex.o
HAL_MultiProcessor_DisableMuteMode                build/stm32f7xx_hal_uart.o
HAL_MultiProcessor_EnableMuteMode                 build/stm32f7xx_hal_uart.o
HAL_MultiProcessor_EnterMuteMode                  build/stm32f7xx_hal_uart.o
HAL_MultiProcessor_Init                           build/stm32f7xx_hal_uart.o
HAL_NVIC_ClearPendingIRQ                          build/stm32f7xx_hal_cortex.o
HAL_NVIC_DisableIRQ                               build/stm32f7xx_hal_cortex.o
HAL_NVIC_EnableIRQ                                build/stm32f7xx_hal_cortex.o
HAL_NVIC_GetActive                                build/stm32f7xx_hal_cortex.o
HAL_NVIC_GetPendingIRQ                            build/stm32f7xx_hal_cortex.o
HAL_NVIC_GetPriority                              build/stm32f7xx_hal_cortex.o
HAL_NVIC_GetPriorityGrouping                      build/stm32f7xx_hal_cortex.o
HAL_NVIC_SetPendingIRQ                            build/stm32f7xx_hal_cortex.o
HAL_NVIC_SetPriority                              build/stm32f7xx_hal_cortex.o
                                                  build/stm32f7xx_hal.o
HAL_NVIC_SetPriorityGrouping                      build/stm32f7xx_hal_cortex.o
                                                  build/stm32f7xx_hal.o
HAL_NVIC_SystemReset                              build/stm32f7xx_hal_cortex.o
HAL_PCDEx_ActivateLPM                             build/stm32f7xx_hal_pcd_ex.o
                                                  build/stm32f7xx_hal_pcd.o
HAL_PCDEx_BCD_Callback                            build/stm32f7xx_hal_pcd_ex.o
HAL_PCDEx_DeActivateLPM                           build/stm32f7xx_hal_pcd_ex.o
HAL_PCDEx_LPM_Callback                            build/stm32f7xx_hal_pcd_ex.o
                                                  build/stm32f7xx_hal_pcd.o
HAL_PCDEx_SetRxFiFo                               build/stm32f7xx_hal_pcd_ex.o
HAL_PCDEx_SetTxFiFo                               build/stm32f7xx_hal_pcd_ex.o
HAL_PCD_ActivateRemoteWakeup                      build/stm32f7xx_hal_pcd.o
HAL_PCD_ConnectCallback                           build/stm32f7xx_hal_pcd.o
HAL_PCD_DataInStageCallback                       build/stm32f7xx_hal_pcd.o
HAL_PCD_DataOutStageCallback                      build/stm32f7xx_hal_pcd.o
HAL_PCD_DeActivateRemoteWakeup                    build/stm32f7xx_hal_pcd.o
HAL_PCD_DeInit                                    build/stm32f7xx_hal_pcd.o
HAL_PCD_DevConnect                                build/stm32f7xx_hal_pcd.o
HAL_PCD_DevDisconnect                             build/stm32f7xx_hal_pcd.o
HAL_PCD_DisconnectCallback                        build/stm32f7xx_hal_pcd.o
HAL_PCD_EP_Close                                  build/stm32f7xx_hal_pcd.o
HAL_PCD_EP_ClrStall                               build/stm32f7xx_hal_pcd.o
HAL_PCD_EP_Flush                                  build/stm32f7xx_hal_pcd.o
HAL_PCD_EP_GetRxCount                             build/stm32f7xx_hal_pcd.o
HAL_PCD_EP_Open                                   build/stm32f7xx_hal_pcd.o
HAL_PCD_EP_Receive                                build/stm32f7xx_hal_pcd.o
HAL_PCD_EP_SetStall                               build/stm32f7xx_hal_pcd.o
HAL_PCD_EP_Transmit                               build/stm32f7xx_hal_pcd.o
HAL_PCD_GetState                                  build/stm32f7xx_hal_pcd.o
HAL_PCD_IRQHandler                                build/stm32f7xx_hal_pcd.o
HAL_PCD_ISOINIncompleteCallback                   build/stm32f7xx_hal_pcd.o
HAL_PCD_ISOOUTIncompleteCallback                  build/stm32f7xx_hal_pcd.o
HAL_PCD_Init                                      build/stm32f7xx_hal_pcd.o
                                                  build/main.o
HAL_PCD_MspDeInit                                 build/stm32f7xx_hal_msp.o
HAL_PCD_MspInit                                   build/stm32f7xx_hal_msp.o
HAL_PCD_ResetCallback                             build/stm32f7xx_hal_pcd.o
HAL_PCD_ResumeCallback                            build/stm32f7xx_hal_pcd.o
HAL_PCD_SOFCallback                               build/stm32f7xx_hal_pcd.o
HAL_PCD_SetAddress                                build/stm32f7xx_hal_pcd.o
HAL_PCD_SetupStageCallback                        build/stm32f7xx_hal_pcd.o
HAL_PCD_Start                                     build/stm32f7xx_hal_pcd.o
HAL_PCD_Stop                                      build/stm32f7xx_hal_pcd.o
HAL_PCD_SuspendCallback                           build/stm32f7xx_hal_pcd.o
HAL_PWREx_ControlVoltageScaling                   build/stm32f7xx_hal_pwr_ex.o
HAL_PWREx_DisableBkUpReg                          build/stm32f7xx_hal_pwr_ex.o
HAL_PWREx_DisableFlashPowerDown                   build/stm32f7xx_hal_pwr_ex.o
HAL_PWREx_DisableLowRegulatorLowVoltage           build/stm32f7xx_hal_pwr_ex.o
HAL_PWREx_DisableMainRegulatorLowVoltage          build/stm32f7xx_hal_pwr_ex.o
HAL_PWREx_DisableOverDrive                        build/stm32f7xx_hal_pwr_ex.o
HAL_PWREx_EnableBkUpReg                           build/stm32f7xx_hal_pwr_ex.o
HAL_PWREx_EnableFlashPowerDown                    build/stm32f7xx_hal_pwr_ex.o
HAL_PWREx_EnableLowRegulatorLowVoltage            build/stm32f7xx_hal_pwr_ex.o
HAL_PWREx_EnableMainRegulatorLowVoltage           build/stm32f7xx_hal_pwr_ex.o
HAL_PWREx_EnableOverDrive                         build/stm32f7xx_hal_pwr_ex.o
                                                  build/main.o
HAL_PWREx_EnterUnderDriveSTOPMode                 build/stm32f7xx_hal_pwr_ex.o
HAL_PWREx_GetVoltageRange                         build/stm32f7xx_hal_pwr_ex.o
HAL_PWR_ConfigPVD                                 build/stm32f7xx_hal_pwr.o
HAL_PWR_DeInit                                    build/stm32f7xx_hal_pwr.o
HAL_PWR_DisableBkUpAccess                         build/stm32f7xx_hal_pwr.o
HAL_PWR_DisablePVD                                build/stm32f7xx_hal_pwr.o
HAL_PWR_DisableSEVOnPend                          build/stm32f7xx_hal_pwr.o
HAL_PWR_DisableSleepOnExit                        build/stm32f7xx_hal_pwr.o
HAL_PWR_DisableWakeUpPin                          build/stm32f7xx_hal_pwr.o
HAL_PWR_EnableBkUpAccess                          build/stm32f7xx_hal_pwr.o
                                                  build/main.o
HAL_PWR_EnablePVD                                 build/stm32f7xx_hal_pwr.o
HAL_PWR_EnableSEVOnPend                           build/stm32f7xx_hal_pwr.o
HAL_PWR_EnableSleepOnExit                         build/stm32f7xx_hal_pwr.o
HAL_PWR_EnableWakeUpPin                           build/stm32f7xx_hal_pwr.o
HAL_PWR_EnterSLEEPMode                            build/stm32f7xx_hal_pwr.o
HAL_PWR_EnterSTANDBYMode                          build/stm32f7xx_hal_pwr.o
HAL_PWR_EnterSTOPMode                             build/stm32f7xx_hal_pwr.o
HAL_PWR_PVDCallback                               build/stm32f7xx_hal_pwr.o
HAL_PWR_PVD_IRQHandler                            build/stm32f7xx_hal_pwr.o
HAL_RCCEx_DisablePLLI2S                           build/stm32f7xx_hal_rcc_ex.o
HAL_RCCEx_DisablePLLSAI                           build/stm32f7xx_hal_rcc_ex.o
HAL_RCCEx_EnablePLLI2S                            build/stm32f7xx_hal_rcc_ex.o
HAL_RCCEx_EnablePLLSAI                            build/stm32f7xx_hal_rcc_ex.o
HAL_RCCEx_GetPeriphCLKConfig                      build/stm32f7xx_hal_rcc_ex.o
HAL_RCCEx_GetPeriphCLKFreq                        build/stm32f7xx_hal_rcc_ex.o
HAL_RCCEx_PeriphCLKConfig                         build/stm32f7xx_hal_rcc_ex.o
                                                  build/main.o
HAL_RCC_CSSCallback                               build/stm32f7xx_hal_rcc.o
HAL_RCC_ClockConfig                               build/stm32f7xx_hal_rcc.o
                                                  build/main.o
HAL_RCC_DeInit                                    build/stm32f7xx_hal_rcc.o
HAL_RCC_DisableCSS                                build/stm32f7xx_hal_rcc.o
HAL_RCC_EnableCSS                                 build/stm32f7xx_hal_rcc.o
HAL_RCC_GetClockConfig                            build/stm32f7xx_hal_rcc.o
HAL_RCC_GetHCLKFreq                               build/stm32f7xx_hal_rcc.o
                                                  build/stm32f7xx_hal_pcd.o
HAL_RCC_GetOscConfig                              build/stm32f7xx_hal_rcc.o
HAL_RCC_GetPCLK1Freq                              build/stm32f7xx_hal_rcc.o
                                                  build/stm32f7xx_hal_uart.o
HAL_RCC_GetPCLK2Freq                              build/stm32f7xx_hal_rcc.o
                                                  build/stm32f7xx_hal_uart.o
HAL_RCC_GetSysClockFreq                           build/stm32f7xx_hal_rcc.o
                                                  build/stm32f7xx_hal_uart.o
HAL_RCC_MCOConfig                                 build/stm32f7xx_hal_rcc.o
HAL_RCC_NMI_IRQHandler                            build/stm32f7xx_hal_rcc.o
HAL_RCC_OscConfig                                 build/stm32f7xx_hal_rcc.o
                                                  build/main.o
HAL_RS485Ex_Init                                  build/stm32f7xx_hal_uart_ex.o
HAL_ResumeTick                                    build/stm32f7xx_hal.o
HAL_SYSTICK_CLKSourceConfig                       build/stm32f7xx_hal_cortex.o
HAL_SYSTICK_Callback                              build/stm32f7xx_hal_cortex.o
HAL_SYSTICK_Config                                build/stm32f7xx_hal_cortex.o
                                                  build/stm32f7xx_hal.o
HAL_SYSTICK_IRQHandler                            build/stm32f7xx_hal_cortex.o
HAL_SetTickFreq                                   build/stm32f7xx_hal.o
HAL_SuspendTick                                   build/stm32f7xx_hal.o
HAL_UARTEx_DisableClockStopMode                   build/stm32f7xx_hal_uart_ex.o
HAL_UARTEx_DisableStopMode                        build/stm32f7xx_hal_uart_ex.o
HAL_UARTEx_EnableClockStopMode                    build/stm32f7xx_hal_uart_ex.o
HAL_UARTEx_EnableStopMode                         build/stm32f7xx_hal_uart_ex.o
HAL_UARTEx_StopModeWakeUpSourceConfig             build/stm32f7xx_hal_uart_ex.o
HAL_UARTEx_WakeupCallback                         build/stm32f7xx_hal_uart.o
HAL_UART_Abort                                    build/stm32f7xx_hal_uart.o
HAL_UART_AbortCpltCallback                        build/stm32f7xx_hal_uart.o
HAL_UART_AbortReceive                             build/stm32f7xx_hal_uart.o
HAL_UART_AbortReceiveCpltCallback                 build/stm32f7xx_hal_uart.o
HAL_UART_AbortReceive_IT                          build/stm32f7xx_hal_uart.o
HAL_UART_AbortTransmit                            build/stm32f7xx_hal_uart.o
HAL_UART_AbortTransmitCpltCallback                build/stm32f7xx_hal_uart.o
HAL_UART_AbortTransmit_IT                         build/stm32f7xx_hal_uart.o
HAL_UART_Abort_IT                                 build/stm32f7xx_hal_uart.o
HAL_UART_DMAPause                                 build/stm32f7xx_hal_uart.o
HAL_UART_DMAResume                                build/stm32f7xx_hal_uart.o
HAL_UART_DMAStop                                  build/stm32f7xx_hal_uart.o
HAL_UART_DeInit                                   build/stm32f7xx_hal_uart.o
HAL_UART_DisableReceiverTimeout                   build/stm32f7xx_hal_uart.o
HAL_UART_EnableReceiverTimeout                    build/stm32f7xx_hal_uart.o
HAL_UART_ErrorCallback                            build/stm32f7xx_hal_uart.o
HAL_UART_GetError                                 build/stm32f7xx_hal_uart.o
HAL_UART_GetState                                 build/stm32f7xx_hal_uart.o
HAL_UART_IRQHandler                               build/stm32f7xx_hal_uart.o
HAL_UART_Init                                     build/stm32f7xx_hal_uart.o
                                                  build/main.o
HAL_UART_MspDeInit                                build/stm32f7xx_hal_msp.o
HAL_UART_MspInit                                  build/stm32f7xx_hal_msp.o
                                                  build/stm32f7xx_hal_uart_ex.o
HAL_UART_Receive                                  build/stm32f7xx_hal_uart.o
HAL_UART_Receive_DMA                              build/stm32f7xx_hal_uart.o
HAL_UART_Receive_IT                               build/stm32f7xx_hal_uart.o
HAL_UART_ReceiverTimeout_Config                   build/stm32f7xx_hal_uart.o
HAL_UART_RxCpltCallback                           build/stm32f7xx_hal_uart.o
HAL_UART_RxHalfCpltCallback                       build/stm32f7xx_hal_uart.o
HAL_UART_Transmit                                 build/stm32f7xx_hal_uart.o
                                                  build/main.o
HAL_UART_Transmit_DMA                             build/stm32f7xx_hal_uart.o
HAL_UART_Transmit_IT                              build/stm32f7xx_hal_uart.o
HAL_UART_TxCpltCallback                           build/stm32f7xx_hal_uart.o
HAL_UART_TxHalfCpltCallback                       build/stm32f7xx_hal_uart.o
HardFault_Handler                                 build/stm32f7xx_it.o
I2C1_ER_IRQHandler                                build/startup_stm32f767xx.o
I2C1_EV_IRQHandler                                build/startup_stm32f767xx.o
I2C2_ER_IRQHandler                                build/startup_stm32f767xx.o
I2C2_EV_IRQHandler                                build/startup_stm32f767xx.o
I2C3_ER_IRQHandler                                build/startup_stm32f767xx.o
I2C3_EV_IRQHandler                                build/startup_stm32f767xx.o
I2C4_ER_IRQHandler                                build/startup_stm32f767xx.o
I2C4_EV_IRQHandler                                build/startup_stm32f767xx.o
JPEG_IRQHandler                                   build/startup_stm32f767xx.o
LPTIM1_IRQHandler                                 build/startup_stm32f767xx.o
LTDC_ER_IRQHandler                                build/startup_stm32f767xx.o
LTDC_IRQHandler                                   build/startup_stm32f767xx.o
MDIOS_IRQHandler                                  build/startup_stm32f767xx.o
MemManage_Handler                                 build/stm32f7xx_it.o
NMI_Handler                                       build/stm32f7xx_it.o
OTG_FS_IRQHandler                                 build/startup_stm32f767xx.o
OTG_FS_WKUP_IRQHandler                            build/startup_stm32f767xx.o
OTG_HS_EP1_IN_IRQHandler                          build/startup_stm32f767xx.o
OTG_HS_EP1_OUT_IRQHandler                         build/startup_stm32f767xx.o
OTG_HS_IRQHandler                                 build/startup_stm32f767xx.o
OTG_HS_WKUP_IRQHandler                            build/startup_stm32f767xx.o
PVD_IRQHandler                                    build/startup_stm32f767xx.o
PendSV_Handler                                    build/stm32f7xx_it.o
QUADSPI_IRQHandler                                build/startup_stm32f767xx.o
RCC_IRQHandler                                    build/startup_stm32f767xx.o
RNG_IRQHandler                                    build/startup_stm32f767xx.o
RTC_Alarm_IRQHandler                              build/startup_stm32f767xx.o
RTC_WKUP_IRQHandler                               build/startup_stm32f767xx.o
Reset_Handler                                     build/startup_stm32f767xx.o
SAI1_IRQHandler                                   build/startup_stm32f767xx.o
SAI2_IRQHandler                                   build/startup_stm32f767xx.o
SDMMC1_IRQHandler                                 build/startup_stm32f767xx.o
SDMMC2_IRQHandler                                 build/startup_stm32f767xx.o
SPDIF_RX_IRQHandler                               build/startup_stm32f767xx.o
SPI1_IRQHandler                                   build/startup_stm32f767xx.o
SPI2_IRQHandler                                   build/startup_stm32f767xx.o
SPI3_IRQHandler                                   build/startup_stm32f767xx.o
SPI4_IRQHandler                                   build/startup_stm32f767xx.o
SPI5_IRQHandler                                   build/startup_stm32f767xx.o
SPI6_IRQHandler                                   build/startup_stm32f767xx.o
SVC_Handler                                       build/stm32f7xx_it.o
SysTick_Handler                                   build/stm32f7xx_it.o
SystemClock_Config                                build/main.o
SystemCoreClock                                   build/system_stm32f7xx.o
                                                  build/stm32f7xx_hal.o
                                                  build/stm32f7xx_hal_dma.o
                                                  build/stm32f7xx_hal_rcc.o
SystemCoreClockUpdate                             build/system_stm32f7xx.o
SystemInit                                        build/system_stm32f7xx.o
                                                  build/startup_stm32f767xx.o
TAMP_STAMP_IRQHandler                             build/startup_stm32f767xx.o
TIM1_BRK_TIM9_IRQHandler                          build/startup_stm32f767xx.o
TIM1_CC_IRQHandler                                build/startup_stm32f767xx.o
TIM1_TRG_COM_TIM11_IRQHandler                     build/startup_stm32f767xx.o
TIM1_UP_TIM10_IRQHandler                          build/startup_stm32f767xx.o
TIM2_IRQHandler                                   build/startup_stm32f767xx.o
TIM3_IRQHandler                                   build/startup_stm32f767xx.o
TIM4_IRQHandler                                   build/startup_stm32f767xx.o
TIM5_IRQHandler                                   build/startup_stm32f767xx.o
TIM6_DAC_IRQHandler                               build/startup_stm32f767xx.o
TIM7_IRQHandler                                   build/startup_stm32f767xx.o
TIM8_BRK_TIM12_IRQHandler                         build/startup_stm32f767xx.o
TIM8_CC_IRQHandler                                build/startup_stm32f767xx.o
TIM8_TRG_COM_TIM14_IRQHandler                     build/startup_stm32f767xx.o
TIM8_UP_TIM13_IRQHandler                          build/startup_stm32f767xx.o
UART4_IRQHandler                                  build/startup_stm32f767xx.o
UART5_IRQHandler                                  build/startup_stm32f767xx.o
UART7_IRQHandler                                  build/startup_stm32f767xx.o
UART8_IRQHandler                                  build/startup_stm32f767xx.o
UART_AdvFeatureConfig                             build/stm32f7xx_hal_uart.o
                                                  build/stm32f7xx_hal_uart_ex.o
UART_CheckIdleState                               build/stm32f7xx_hal_uart.o
                                                  build/stm32f7xx_hal_uart_ex.o
UART_SetConfig                                    build/stm32f7xx_hal_uart.o
                                                  build/stm32f7xx_hal_uart_ex.o
UART_WaitOnFlagUntilTimeout                       build/stm32f7xx_hal_uart.o
                                                  build/stm32f7xx_hal_uart_ex.o
USART1_IRQHandler                                 build/startup_stm32f767xx.o
USART2_IRQHandler                                 build/startup_stm32f767xx.o
USART3_IRQHandler                                 build/startup_stm32f767xx.o
USART6_IRQHandler                                 build/startup_stm32f767xx.o
USB_ActivateDedicatedEndpoint                     build/stm32f7xx_ll_usb.o
USB_ActivateEndpoint                              build/stm32f7xx_ll_usb.o
                                                  build/stm32f7xx_hal_pcd.o
USB_ActivateRemoteWakeup                          build/stm32f7xx_ll_usb.o
                                                  build/stm32f7xx_hal_pcd.o
USB_ActivateSetup                                 build/stm32f7xx_ll_usb.o
                                                  build/stm32f7xx_hal_pcd.o
USB_ClearInterrupts                               build/stm32f7xx_ll_usb.o
USB_CoreInit                                      build/stm32f7xx_ll_usb.o
                                                  build/stm32f7xx_hal_pcd.o
USB_DeActivateRemoteWakeup                        build/stm32f7xx_ll_usb.o
                                                  build/stm32f7xx_hal_pcd.o
USB_DeactivateDedicatedEndpoint                   build/stm32f7xx_ll_usb.o
USB_DeactivateEndpoint                            build/stm32f7xx_ll_usb.o
                                                  build/stm32f7xx_hal_pcd.o
USB_DevConnect                                    build/stm32f7xx_ll_usb.o
                                                  build/stm32f7xx_hal_pcd.o
USB_DevDisconnect                                 build/stm32f7xx_ll_usb.o
                                                  build/stm32f7xx_hal_pcd.o
USB_DevInit                                       build/stm32f7xx_ll_usb.o
                                                  build/stm32f7xx_hal_pcd.o
USB_DisableGlobalInt                              build/stm32f7xx_ll_usb.o
                                                  build/stm32f7xx_hal_pcd.o
USB_DoPing                                        build/stm32f7xx_ll_usb.o
USB_DriveVbus                                     build/stm32f7xx_ll_usb.o
USB_EP0StartXfer                                  build/stm32f7xx_ll_usb.o
                                                  build/stm32f7xx_hal_pcd.o
USB_EP0_OutStart                                  build/stm32f7xx_ll_usb.o
                                                  build/stm32f7xx_hal_pcd.o
USB_EPClearStall                                  build/stm32f7xx_ll_usb.o
                                                  build/stm32f7xx_hal_pcd.o
USB_EPSetStall                                    build/stm32f7xx_ll_usb.o
                                                  build/stm32f7xx_hal_pcd.o
USB_EPStartXfer                                   build/stm32f7xx_ll_usb.o
                                                  build/stm32f7xx_hal_pcd.o
USB_EnableGlobalInt                               build/stm32f7xx_ll_usb.o
                                                  build/stm32f7xx_hal_pcd.o
USB_FlushRxFifo                                   build/stm32f7xx_ll_usb.o
                                                  build/stm32f7xx_hal_pcd.o
USB_FlushTxFifo                                   build/stm32f7xx_ll_usb.o
                                                  build/stm32f7xx_hal_pcd.o
USB_GetCurrentFrame                               build/stm32f7xx_ll_usb.o
USB_GetDevSpeed                                   build/stm32f7xx_ll_usb.o
                                                  build/stm32f7xx_hal_pcd.o
USB_GetHostSpeed                                  build/stm32f7xx_ll_usb.o
USB_GetMode                                       build/stm32f7xx_ll_usb.o
                                                  build/stm32f7xx_hal_pcd.o
USB_HC_Halt                                       build/stm32f7xx_ll_usb.o
USB_HC_Init                                       build/stm32f7xx_ll_usb.o
USB_HC_ReadInterrupt                              build/stm32f7xx_ll_usb.o
USB_HC_StartXfer                                  build/stm32f7xx_ll_usb.o
USB_HostInit                                      build/stm32f7xx_ll_usb.o
USB_InitFSLSPClkSel                               build/stm32f7xx_ll_usb.o
USB_ReadDevAllInEpInterrupt                       build/stm32f7xx_ll_usb.o
                                                  build/stm32f7xx_hal_pcd.o
USB_ReadDevAllOutEpInterrupt                      build/stm32f7xx_ll_usb.o
                                                  build/stm32f7xx_hal_pcd.o
USB_ReadDevInEPInterrupt                          build/stm32f7xx_ll_usb.o
                                                  build/stm32f7xx_hal_pcd.o
USB_ReadDevOutEPInterrupt                         build/stm32f7xx_ll_usb.o
                                                  build/stm32f7xx_hal_pcd.o
USB_ReadInterrupts                                build/stm32f7xx_ll_usb.o
                                                  build/stm32f7xx_hal_pcd.o
USB_ReadPacket                                    build/stm32f7xx_ll_usb.o
                                                  build/stm32f7xx_hal_pcd.o
USB_ResetPort                                     build/stm32f7xx_ll_usb.o
USB_SetCurrentMode                                build/stm32f7xx_ll_usb.o
                                                  build/stm32f7xx_hal_pcd.o
USB_SetDevAddress                                 build/stm32f7xx_ll_usb.o
                                                  build/stm32f7xx_hal_pcd.o
USB_SetDevSpeed                                   build/stm32f7xx_ll_usb.o
USB_SetTurnaroundTime                             build/stm32f7xx_ll_usb.o
                                                  build/stm32f7xx_hal_pcd.o
USB_StopDevice                                    build/stm32f7xx_ll_usb.o
                                                  build/stm32f7xx_hal_pcd.o
USB_StopHost                                      build/stm32f7xx_ll_usb.o
USB_WritePacket                                   build/stm32f7xx_ll_usb.o
                                                  build/stm32f7xx_hal_pcd.o
UsageFault_Handler                                build/stm32f7xx_it.o
WWDG_IRQHandler                                   build/startup_stm32f767xx.o
__aeabi_idiv0                                     /home/wayne/download/gcc-arm-none-eabi/gcc-arm-none-eabi-10-2020-q4-major/bin/../lib/gcc/arm-none-eabi/10.2.1/thumb/v7e-m+dp/hard/libgcc.a(_dvmd_tls.o)
__aeabi_ldiv0                                     /home/wayne/download/gcc-arm-none-eabi/gcc-arm-none-eabi-10-2020-q4-major/bin/../lib/gcc/arm-none-eabi/10.2.1/thumb/v7e-m+dp/hard/libgcc.a(_dvmd_tls.o)
                                                  /home/wayne/download/gcc-arm-none-eabi/gcc-arm-none-eabi-10-2020-q4-major/bin/../lib/gcc/arm-none-eabi/10.2.1/thumb/v7e-m+dp/hard/libgcc.a(_aeabi_uldivmod.o)
__aeabi_uldivmod                                  /home/wayne/download/gcc-arm-none-eabi/gcc-arm-none-eabi-10-2020-q4-major/bin/../lib/gcc/arm-none-eabi/10.2.1/thumb/v7e-m+dp/hard/libgcc.a(_aeabi_uldivmod.o)
                                                  build/stm32f7xx_hal_rcc.o
__bss_end__                                       /home/wayne/download/gcc-arm-none-eabi/gcc-arm-none-eabi-10-2020-q4-major/bin/../lib/gcc/arm-none-eabi/10.2.1/../../../../arm-none-eabi/lib/thumb/v7e-m+dp/hard/crt0.o
__bss_start__                                     /home/wayne/download/gcc-arm-none-eabi/gcc-arm-none-eabi-10-2020-q4-major/bin/../lib/gcc/arm-none-eabi/10.2.1/../../../../arm-none-eabi/lib/thumb/v7e-m+dp/hard/crt0.o
__call_exitprocs                                  /home/wayne/download/gcc-arm-none-eabi/gcc-arm-none-eabi-10-2020-q4-major/bin/../lib/gcc/arm-none-eabi/10.2.1/../../../../arm-none-eabi/lib/thumb/v7e-m+dp/hard/libc_nano.a(lib_a-exit.o)
__deregister_frame_info                           /home/wayne/download/gcc-arm-none-eabi/gcc-arm-none-eabi-10-2020-q4-major/bin/../lib/gcc/arm-none-eabi/10.2.1/thumb/v7e-m+dp/hard/crtbegin.o
__dso_handle                                      /home/wayne/download/gcc-arm-none-eabi/gcc-arm-none-eabi-10-2020-q4-major/bin/../lib/gcc/arm-none-eabi/10.2.1/thumb/v7e-m+dp/hard/crtbegin.o
__init_array_end                                  /home/wayne/download/gcc-arm-none-eabi/gcc-arm-none-eabi-10-2020-q4-major/bin/../lib/gcc/arm-none-eabi/10.2.1/../../../../arm-none-eabi/lib/thumb/v7e-m+dp/hard/libc_nano.a(lib_a-init.o)
__init_array_start                                /home/wayne/download/gcc-arm-none-eabi/gcc-arm-none-eabi-10-2020-q4-major/bin/../lib/gcc/arm-none-eabi/10.2.1/../../../../arm-none-eabi/lib/thumb/v7e-m+dp/hard/libc_nano.a(lib_a-init.o)
__libc_fini_array                                 /home/wayne/download/gcc-arm-none-eabi/gcc-arm-none-eabi-10-2020-q4-major/bin/../lib/gcc/arm-none-eabi/10.2.1/../../../../arm-none-eabi/lib/thumb/v7e-m+dp/hard/crt0.o
__libc_init_array                                 /home/wayne/download/gcc-arm-none-eabi/gcc-arm-none-eabi-10-2020-q4-major/bin/../lib/gcc/arm-none-eabi/10.2.1/../../../../arm-none-eabi/lib/thumb/v7e-m+dp/hard/libc_nano.a(lib_a-init.o)
                                                  build/startup_stm32f767xx.o
                                                  /home/wayne/download/gcc-arm-none-eabi/gcc-arm-none-eabi-10-2020-q4-major/bin/../lib/gcc/arm-none-eabi/10.2.1/../../../../arm-none-eabi/lib/thumb/v7e-m+dp/hard/crt0.o
__preinit_array_end                               /home/wayne/download/gcc-arm-none-eabi/gcc-arm-none-eabi-10-2020-q4-major/bin/../lib/gcc/arm-none-eabi/10.2.1/../../../../arm-none-eabi/lib/thumb/v7e-m+dp/hard/libc_nano.a(lib_a-init.o)
__preinit_array_start                             /home/wayne/download/gcc-arm-none-eabi/gcc-arm-none-eabi-10-2020-q4-major/bin/../lib/gcc/arm-none-eabi/10.2.1/../../../../arm-none-eabi/lib/thumb/v7e-m+dp/hard/libc_nano.a(lib_a-init.o)
__register_frame_info                             /home/wayne/download/gcc-arm-none-eabi/gcc-arm-none-eabi-10-2020-q4-major/bin/../lib/gcc/arm-none-eabi/10.2.1/thumb/v7e-m+dp/hard/crtbegin.o
__sf_fake_stderr                                  /home/wayne/download/gcc-arm-none-eabi/gcc-arm-none-eabi-10-2020-q4-major/bin/../lib/gcc/arm-none-eabi/10.2.1/../../../../arm-none-eabi/lib/thumb/v7e-m+dp/hard/libc_nano.a(lib_a-impure.o)
__sf_fake_stdin                                   /home/wayne/download/gcc-arm-none-eabi/gcc-arm-none-eabi-10-2020-q4-major/bin/../lib/gcc/arm-none-eabi/10.2.1/../../../../arm-none-eabi/lib/thumb/v7e-m+dp/hard/libc_nano.a(lib_a-impure.o)
__sf_fake_stdout                                  /home/wayne/download/gcc-arm-none-eabi/gcc-arm-none-eabi-10-2020-q4-major/bin/../lib/gcc/arm-none-eabi/10.2.1/../../../../arm-none-eabi/lib/thumb/v7e-m+dp/hard/libc_nano.a(lib_a-impure.o)
__stack                                           /home/wayne/download/gcc-arm-none-eabi/gcc-arm-none-eabi-10-2020-q4-major/bin/../lib/gcc/arm-none-eabi/10.2.1/../../../../arm-none-eabi/lib/thumb/v7e-m+dp/hard/crt0.o
__udivmoddi4                                      /home/wayne/download/gcc-arm-none-eabi/gcc-arm-none-eabi-10-2020-q4-major/bin/../lib/gcc/arm-none-eabi/10.2.1/thumb/v7e-m+dp/hard/libgcc.a(_udivmoddi4.o)
                                                  /home/wayne/download/gcc-arm-none-eabi/gcc-arm-none-eabi-10-2020-q4-major/bin/../lib/gcc/arm-none-eabi/10.2.1/thumb/v7e-m+dp/hard/libgcc.a(_aeabi_uldivmod.o)
_ebss                                             build/startup_stm32f767xx.o
_edata                                            build/startup_stm32f767xx.o
_estack                                           build/startup_stm32f767xx.o
_exit                                             /home/wayne/download/gcc-arm-none-eabi/gcc-arm-none-eabi-10-2020-q4-major/bin/../lib/gcc/arm-none-eabi/10.2.1/../../../../arm-none-eabi/lib/thumb/v7e-m+dp/hard/libnosys.a(_exit.o)
                                                  /home/wayne/download/gcc-arm-none-eabi/gcc-arm-none-eabi-10-2020-q4-major/bin/../lib/gcc/arm-none-eabi/10.2.1/../../../../arm-none-eabi/lib/thumb/v7e-m+dp/hard/libc_nano.a(lib_a-exit.o)
_fini                                             /home/wayne/download/gcc-arm-none-eabi/gcc-arm-none-eabi-10-2020-q4-major/bin/../lib/gcc/arm-none-eabi/10.2.1/thumb/v7e-m+dp/hard/crti.o
_global_impure_ptr                                /home/wayne/download/gcc-arm-none-eabi/gcc-arm-none-eabi-10-2020-q4-major/bin/../lib/gcc/arm-none-eabi/10.2.1/../../../../arm-none-eabi/lib/thumb/v7e-m+dp/hard/libc_nano.a(lib_a-impure.o)